Product: MDK-ARM Standard 5.10
Component: ARM Compiler 5.04 update 1 (build 49)
Tool: armlink [5040049]

==============================================================================

Section Cross References

    main.o(i.Draw_if_required) refers to drv_lcd.o(i.LCD_SetStart) for LCD_SetStart
    main.o(i.Draw_if_required) refers to drv_lcd.o(i.LCD_printf) for LCD_printf
    main.o(i.Draw_if_required) refers to drv_lcd.o(i.LCD_DrawPoint) for LCD_DrawPoint
    main.o(i.Draw_if_required) refers to k.o(i.drawAxis) for drawAxis
    main.o(i.Draw_if_required) refers to k.o(i.drawTemp) for drawTemp
    main.o(i.Draw_if_required) refers to drv_lcd.o(i.LCD_Clear_Draw) for LCD_Clear_Draw
    main.o(i.Draw_if_required) refers to k.o(i.drawWelPic) for drawWelPic
    main.o(i.Draw_if_required) refers to main.o(.data) for flag_draw
    main.o(i.Draw_if_required) refers to drv_lcd.o(.data) for point_color
    main.o(i.GPIO_Init_337) refers to stm32f10x_gpio.o(i.GPIO_Init) for GPIO_Init
    main.o(i.GPIO_Init_337) refers to stm32f10x_gpio.o(i.GPIO_EXTILineConfig) for GPIO_EXTILineConfig
    main.o(i.GPIO_Init_337) refers to stm32f10x_exti.o(i.EXTI_Init) for EXTI_Init
    main.o(i.GPIO_Init_337) refers to misc.o(i.NVIC_PriorityGroupConfig) for NVIC_PriorityGroupConfig
    main.o(i.GPIO_Init_337) refers to misc.o(i.NVIC_Init) for NVIC_Init
    main.o(i.RCC_Configuration) refers to system_stm32f10x.o(i.SystemInit) for SystemInit
    main.o(i.RCC_Configuration) refers to stm32f10x_rcc.o(i.RCC_PCLK1Config) for RCC_PCLK1Config
    main.o(i.RCC_Configuration) refers to stm32f10x_rcc.o(i.RCC_APB1PeriphClockCmd) for RCC_APB1PeriphClockCmd
    main.o(i.RCC_Configuration) refers to stm32f10x_rcc.o(i.RCC_APB2PeriphClockCmd) for RCC_APB2PeriphClockCmd
    main.o(i.Read_temp) refers to ds18b20.o(i.DS18B20_Get_Temp) for DS18B20_Get_Temp
    main.o(i.Read_temp) refers to ffixi.o(.text) for __aeabi_f2iz
    main.o(i.Read_temp) refers to drv_lcd.o(i.LCD_SetStart) for LCD_SetStart
    main.o(i.Read_temp) refers to drv_lcd.o(i.LCD_printf) for LCD_printf
    main.o(i.Read_temp) refers to drv_systick.o(i.Delay_Ms) for Delay_Ms
    main.o(i.Read_temp) refers to drv_lcd.o(i.LCD_Clear) for LCD_Clear
    main.o(i.Read_temp) refers to drv_lcd.o(.data) for point_color
    main.o(i.Tim_Pwm_change_duty) refers to stm32f10x_tim.o(i.TIM_TimeBaseInit) for TIM_TimeBaseInit
    main.o(i.Tim_Pwm_change_duty) refers to stm32f10x_tim.o(i.TIM_OC1Init) for TIM_OC1Init
    main.o(i.Tim_Pwm_change_duty) refers to stm32f10x_tim.o(i.TIM_OC1PreloadConfig) for TIM_OC1PreloadConfig
    main.o(i.Tim_Pwm_change_duty) refers to stm32f10x_tim.o(i.TIM_OC2Init) for TIM_OC2Init
    main.o(i.Tim_Pwm_change_duty) refers to stm32f10x_tim.o(i.TIM_OC2PreloadConfig) for TIM_OC2PreloadConfig
    main.o(i.Tim_Pwm_change_duty) refers to stm32f10x_tim.o(i.TIM_ARRPreloadConfig) for TIM_ARRPreloadConfig
    main.o(i.Tim_Pwm_change_duty) refers to stm32f10x_tim.o(i.TIM_Cmd) for TIM_Cmd
    main.o(i.Tim_Pwm_change_duty) refers to main.o(.data) for CCR1_Val
    main.o(i.Tim_Pwm_change_duty) refers to main.o(.bss) for TIM_TimeBaseStructure
    main.o(i.Tim_Pwm_change_duty_FAN) refers to stm32f10x_tim.o(i.TIM_TimeBaseInit) for TIM_TimeBaseInit
    main.o(i.Tim_Pwm_change_duty_FAN) refers to stm32f10x_tim.o(i.TIM_OC1Init) for TIM_OC1Init
    main.o(i.Tim_Pwm_change_duty_FAN) refers to stm32f10x_tim.o(i.TIM_OC1PreloadConfig) for TIM_OC1PreloadConfig
    main.o(i.Tim_Pwm_change_duty_FAN) refers to stm32f10x_tim.o(i.TIM_ARRPreloadConfig) for TIM_ARRPreloadConfig
    main.o(i.Tim_Pwm_change_duty_FAN) refers to stm32f10x_tim.o(i.TIM_Cmd) for TIM_Cmd
    main.o(i.Tim_Pwm_change_duty_FAN) refers to main.o(.data) for CCR2_Val
    main.o(i.Tim_Pwm_change_duty_FAN) refers to main.o(.bss) for TIM_TimeBaseStructure
    main.o(i.assert_failed) refers to printfa.o(i.__0printf) for __2printf
    main.o(i.assert_failed) refers to drv_systick.o(i.Delay_Ms) for Delay_Ms
    main.o(i.change_pwm_duty) refers to stm32f10x_gpio.o(i.GPIO_SetBits) for GPIO_SetBits
    main.o(i.change_pwm_duty) refers to drv_systick.o(i.Delay_Ms) for Delay_Ms
    main.o(i.change_pwm_duty) refers to stm32f10x_gpio.o(i.GPIO_ResetBits) for GPIO_ResetBits
    main.o(i.main) refers to main.o(i.RCC_Configuration) for RCC_Configuration
    main.o(i.main) refers to drv_systick.o(i.SysTick_Init) for SysTick_Init
    main.o(i.main) refers to main.o(i.GPIO_Init_337) for GPIO_Init_337
    main.o(i.main) refers to drv_usart1.o(i.USART1_Init) for USART1_Init
    main.o(i.main) refers to drv_usart1.o(i.USART3_IT_Init) for USART3_IT_Init
    main.o(i.main) refers to printfa.o(i.__0printf) for __2printf
    main.o(i.main) refers to drv_lcd.o(i.LCD_Init) for LCD_Init
    main.o(i.main) refers to drv_lcd.o(i.LCD_DrawBitmap) for LCD_DrawBitmap
    main.o(i.main) refers to drv_systick.o(i.Delay_Ms) for Delay_Ms
    main.o(i.main) refers to drv_lcd.o(i.LCD_Clear) for LCD_Clear
    main.o(i.main) refers to drv_lcd.o(i.LCD_SetStart) for LCD_SetStart
[...]
    Removing stm32f10x_dma.o(i.DMA_ClearFlag), (88 bytes).
    Removing stm32f10x_dma.o(i.DMA_ClearITPendingBit), (88 bytes).
    Removing stm32f10x_dma.o(i.DMA_Cmd), (188 bytes).
    Removing stm32f10x_dma.o(i.DMA_DeInit), (468 bytes).
    Removing stm32f10x_dma.o(i.DMA_GetCurrDataCounter), (152 bytes).
    Removing stm32f10x_dma.o(i.DMA_GetFlagStatus), (416 bytes).
    Removing stm32f10x_dma.o(i.DMA_GetITStatus), (416 bytes).
    Removing stm32f10x_dma.o(i.DMA_ITConfig), (204 bytes).
    Removing stm32f10x_dma.o(i.DMA_Init), (424 bytes).
    Removing stm32f10x_dma.o(i.DMA_SetCurrDataCounter), (152 bytes).
    Removing stm32f10x_dma.o(i.DMA_StructInit), (26 bytes).
    Removing stm32f10x_exti.o(i.EXTI_DeInit), (36 bytes).
    Removing stm32f10x_exti.o(i.EXTI_GenerateSWInterrupt), (68 bytes).
    Removing stm32f10x_exti.o(i.EXTI_GetFlagStatus), (172 bytes).
    Removing stm32f10x_exti.o(i.EXTI_StructInit), (16 bytes).
    Removing stm32f10x_flash.o(i.FLASH_ClearFlag), (68 bytes).
    Removing stm32f10x_flash.o(i.FLASH_EnableWriteProtection), (244 bytes).
    Removing stm32f10x_flash.o(i.FLASH_EraseAllBank1Pages), (72 bytes).
    Removing stm32f10x_flash.o(i.FLASH_EraseAllPages), (72 bytes).
    Removing stm32f10x_flash.o(i.FLASH_EraseOptionBytes), (168 bytes).
    Removing stm32f10x_flash.o(i.FLASH_ErasePage), (136 bytes).
    Removing stm32f10x_flash.o(i.FLASH_GetBank1Status), (52 bytes).
    Removing stm32f10x_flash.o(i.FLASH_GetFlagStatus), (132 bytes).
    Removing stm32f10x_flash.o(i.FLASH_GetPrefetchBufferStatus), (24 bytes).
    Removing stm32f10x_flash.o(i.FLASH_GetReadOutProtectionStatus), (24 bytes).
    Removing stm32f10x_flash.o(i.FLASH_GetStatus), (52 bytes).
    Removing stm32f10x_flash.o(i.FLASH_GetUserOptionByte), (12 bytes).
    Removing stm32f10x_flash.o(i.FLASH_GetWriteProtectionOptionByte), (12 bytes).
    Removing stm32f10x_flash.o(i.FLASH_HalfCycleAccessCmd), (80 bytes).
    Removing stm32f10x_flash.o(i.FLASH_ITConfig), (108 bytes).
    Removing stm32f10x_flash.o(i.FLASH_Lock), (20 bytes).
    Removing stm32f10x_flash.o(i.FLASH_LockBank1), (20 bytes).
    Removing stm32f10x_flash.o(i.FLASH_PrefetchBufferCmd), (80 bytes).
    Removing stm32f10x_flash.o(i.FLASH_ProgramHalfWord), (128 bytes).
    Removing stm32f10x_flash.o(i.FLASH_ProgramOptionByteData), (148 bytes).
    Removing stm32f10x_flash.o(i.FLASH_ProgramWord), (168 bytes).
    Removing stm32f10x_flash.o(i.FLASH_ReadOutProtection), (224 bytes).
    Removing stm32f10x_flash.o(i.FLASH_SetLatency), (80 bytes).
    Removing stm32f10x_flash.o(i.FLASH_Unlock), (24 bytes).
    Removing stm32f10x_flash.o(i.FLASH_UnlockBank1), (24 bytes).
    Removing stm32f10x_flash.o(i.FLASH_UserOptionByteConfig), (196 bytes).
    Removing stm32f10x_flash.o(i.FLASH_WaitForLastBank1Operation), (38 bytes).
    Removing stm32f10x_flash.o(i.FLASH_WaitForLastOperation), (38 bytes).
    Removing stm32f10x_fsmc.o(i.FSMC_ClearFlag), (148 bytes).
    Removing stm32f10x_fsmc.o(i.FSMC_ClearITPendingBit), (152 bytes).
    Removing stm32f10x_fsmc.o(i.FSMC_GetECC), (28 bytes).
    Removing stm32f10x_fsmc.o(i.FSMC_GetFlagStatus), (148 bytes).
    Removing stm32f10x_fsmc.o(i.FSMC_GetITStatus), (164 bytes).
    Removing stm32f10x_fsmc.o(i.FSMC_ITConfig), (228 bytes).
    Removing stm32f10x_fsmc.o(i.FSMC_NANDCmd), (164 bytes).
    Removing stm32f10x_fsmc.o(i.FSMC_NANDDeInit), (120 bytes).
    Removing stm32f10x_fsmc.o(i.FSMC_NANDECCCmd), (164 bytes).
    Removing stm32f10x_fsmc.o(i.FSMC_NANDInit), (516 bytes).
    Removing stm32f10x_fsmc.o(i.FSMC_NANDStructInit), (54 bytes).
    Removing stm32f10x_fsmc.o(i.FSMC_NORSRAMDeInit), (112 bytes).
    Removing stm32f10x_fsmc.o(i.FSMC_NORSRAMStructInit), (114 bytes).
    Removing stm32f10x_fsmc.o(i.FSMC_PCCARDCmd), (96 bytes).
    Removing stm32f10x_fsmc.o(i.FSMC_PCCARDDeInit), (40 bytes).
    Removing stm32f10x_fsmc.o(i.FSMC_PCCARDInit), (464 bytes).
    Removing stm32f10x_fsmc.o(i.FSMC_PCCARDStructInit), (60 bytes).
    Removing stm32f10x_gpio.o(i.GPIO_AFIODeInit), (20 bytes).
    Removing stm32f10x_gpio.o(i.GPIO_DeInit), (280 bytes).
    Removing stm32f10x_gpio.o(i.GPIO_ETH_MediaInterfaceConfig), (60 bytes).
    Removing stm32f10x_gpio.o(i.GPIO_EventOutputCmd), (60 bytes).
    Removing stm32f10x_gpio.o(i.GPIO_EventOutputConfig), (168 bytes).
    Removing stm32f10x_gpio.o(i.GPIO_PinLockConfig), (152 bytes).
    Removing stm32f10x_gpio.o(i.GPIO_ReadInputData), (120 bytes).
    Removing stm32f10x_gpio.o(i.GPIO_ReadOutputData), (120 bytes).
    Removing stm32f10x_gpio.o(i.GPIO_ReadOutputDataBit), (228 bytes).
    Removing stm32f10x_gpio.o(i.GPIO_ResetBits), (140 bytes).
    Removing stm32f10x_gpio.o(i.GPIO_SetBits), (140 bytes).
    Removing stm32f10x_gpio.o(i.GPIO_StructInit), (16 bytes).
    Removing stm32f10x_gpio.o(i.GPIO_Write), (120 bytes).
    Removing stm32f10x_gpio.o(i.GPIO_WriteBit), (240 bytes).
    Removing stm32f10x_i2c.o(i.I2C_ARPCmd), (108 bytes).
    Removing stm32f10x_i2c.o(i.I2C_AcknowledgeConfig), (108 bytes).
    Removing stm32f10x_i2c.o(i.I2C_CalculatePEC), (108 bytes).
    Removing stm32f10x_i2c.o(i.I2C_CheckEvent), (292 bytes).
    Removing stm32f10x_i2c.o(i.I2C_ClearFlag), (100 bytes).
    Removing stm32f10x_i2c.o(i.I2C_ClearITPendingBit), (100 bytes).
    Removing stm32f10x_i2c.o(i.I2C_Cmd), (108 bytes).
    Removing stm32f10x_i2c.o(i.I2C_DMACmd), (108 bytes).
    Removing stm32f10x_i2c.o(i.I2C_DMALastTransferCmd), (108 bytes).
    Removing stm32f10x_i2c.o(i.I2C_DeInit), (108 bytes).
    Removing stm32f10x_i2c.o(i.I2C_DualAddressCmd), (108 bytes).
    Removing stm32f10x_i2c.o(i.I2C_FastModeDutyCycleConfig), (120 bytes).
    Removing stm32f10x_i2c.o(i.I2C_GeneralCallCmd), (108 bytes).
    Removing stm32f10x_i2c.o(i.I2C_GenerateSTART), (108 bytes).
    Removing stm32f10x_i2c.o(i.I2C_GenerateSTOP), (108 bytes).
    Removing stm32f10x_i2c.o(i.I2C_GetFlagStatus), (292 bytes).
    Removing stm32f10x_i2c.o(i.I2C_GetITStatus), (240 bytes).
    Removing stm32f10x_i2c.o(i.I2C_GetLastEvent), (92 bytes).
    Removing stm32f10x_i2c.o(i.I2C_GetPEC), (72 bytes).
    Removing stm32f10x_i2c.o(i.I2C_ITConfig), (128 bytes).
    Removing stm32f10x_i2c.o(i.I2C_Init), (440 bytes).
    Removing stm32f10x_i2c.o(i.I2C_NACKPositionConfig), (120 bytes).
    Removing stm32f10x_i2c.o(i.I2C_OwnAddress2Config), (88 bytes).
    Removing stm32f10x_i2c.o(i.I2C_PECPositionConfig), (120 bytes).
    Removing stm32f10x_i2c.o(i.I2C_ReadRegister), (132 bytes).
    Removing stm32f10x_i2c.o(i.I2C_ReceiveData), (72 bytes).
    Removing stm32f10x_i2c.o(i.I2C_SMBusAlertConfig), (120 bytes).
    Removing stm32f10x_i2c.o(i.I2C_Send7bitAddress), (104 bytes).
    Removing stm32f10x_i2c.o(i.I2C_SendData), (72 bytes).
    Removing stm32f10x_i2c.o(i.I2C_SoftwareResetCmd), (108 bytes).
    Removing stm32f10x_i2c.o(i.I2C_StretchClockCmd), (108 bytes).
    Removing stm32f10x_i2c.o(i.I2C_StructInit), (30 bytes).
    Removing stm32f10x_i2c.o(i.I2C_TransmitPEC), (108 bytes).
    Removing stm32f10x_iwdg.o(i.IWDG_Enable), (16 bytes).
    Removing stm32f10x_iwdg.o(i.IWDG_GetFlagStatus), (76 bytes).
    Removing stm32f10x_iwdg.o(i.IWDG_ReloadCounter), (16 bytes).
    Removing stm32f10x_iwdg.o(i.IWDG_SetPrescaler), (80 bytes).
    Removing stm32f10x_iwdg.o(i.IWDG_SetReload), (60 bytes).
    Removing stm32f10x_iwdg.o(i.IWDG_WriteAccessCmd), (64 bytes).
    Removing stm32f10x_pwr.o(i.PWR_BackupAccessCmd), (60 bytes).
    Removing stm32f10x_pwr.o(i.PWR_ClearFlag), (72 bytes).
    Removing stm32f10x_pwr.o(i.PWR_DeInit), (22 bytes).
    Removing stm32f10x_pwr.o(i.PWR_EnterSTANDBYMode), (52 bytes).
    Removing stm32f10x_pwr.o(i.PWR_EnterSTOPMode), (128 bytes).
    Removing stm32f10x_pwr.o(i.PWR_GetFlagStatus), (80 bytes).
    Removing stm32f10x_pwr.o(i.PWR_PVDCmd), (60 bytes).
    Removing stm32f10x_pwr.o(i.PWR_PVDLevelConfig), (92 bytes).
    Removing stm32f10x_pwr.o(i.PWR_WakeUpPinCmd), (60 bytes).
    Removing stm32f10x_rcc.o(i.RCC_ADCCLKConfig), (84 bytes).
    Removing stm32f10x_rcc.o(i.RCC_APB1PeriphResetCmd), (108 bytes).
    Removing stm32f10x_rcc.o(i.RCC_APB2PeriphResetCmd), (108 bytes).
    Removing stm32f10x_rcc.o(i.RCC_AdjustHSICalibrationValue), (72 bytes).
    Removing stm32f10x_rcc.o(i.RCC_BackupResetCmd), (60 bytes).
    Removing stm32f10x_rcc.o(i.RCC_ClearFlag), (20 bytes).
    Removing stm32f10x_rcc.o(i.RCC_ClearITPendingBit), (64 bytes).
    Removing stm32f10x_rcc.o(i.RCC_ClockSecuritySystemCmd), (60 bytes).
    Removing stm32f10x_rcc.o(i.RCC_DeInit), (76 bytes).
    Removing stm32f10x_rcc.o(i.RCC_GetFlagStatus), (152 bytes).
    Removing stm32f10x_rcc.o(i.RCC_GetITStatus), (92 bytes).
    Removing stm32f10x_rcc.o(i.RCC_GetSYSCLKSource), (16 bytes).
    Removing stm32f10x_rcc.o(i.RCC_HCLKConfig), (100 bytes).
    Removing stm32f10x_rcc.o(i.RCC_HSEConfig), (132 bytes).
    Removing stm32f10x_rcc.o(i.RCC_HSICmd), (60 bytes).
    Removing stm32f10x_rcc.o(i.RCC_ITConfig), (104 bytes).
    Removing stm32f10x_rcc.o(i.RCC_LSEConfig), (104 bytes).
    Removing stm32f10x_rcc.o(i.RCC_LSICmd), (60 bytes).
    Removing stm32f10x_rcc.o(i.RCC_MCOConfig), (72 bytes).
    Removing stm32f10x_rcc.o(i.RCC_PCLK2Config), (92 bytes).
    Removing stm32f10x_rcc.o(i.RCC_PLLCmd), (60 bytes).
    Removing stm32f10x_rcc.o(i.RCC_PLLConfig), (184 bytes).
    Removing stm32f10x_rcc.o(i.RCC_RTCCLKCmd), (60 bytes).
    Removing stm32f10x_rcc.o(i.RCC_RTCCLKConfig), (80 bytes).
    Removing stm32f10x_rcc.o(i.RCC_SYSCLKConfig), (76 bytes).
    Removing stm32f10x_rcc.o(i.RCC_USBCLKConfig), (60 bytes).
    Removing stm32f10x_rcc.o(i.RCC_WaitForHSEStartUp), (56 bytes).
    Removing stm32f10x_rtc.o(i.RTC_ClearFlag), (72 bytes).
    Removing stm32f10x_rtc.o(i.RTC_ClearITPendingBit), (72 bytes).
    Removing stm32f10x_rtc.o(i.RTC_EnterConfigMode), (20 bytes).
    Removing stm32f10x_rtc.o(i.RTC_ExitConfigMode), (20 bytes).
    Removing stm32f10x_rtc.o(i.RTC_GetCounter), (20 bytes).
    Removing stm32f10x_rtc.o(i.RTC_GetDivider), (24 bytes).
    Removing stm32f10x_rtc.o(i.RTC_GetFlagStatus), (88 bytes).
    Removing stm32f10x_rtc.o(i.RTC_GetITStatus), (92 bytes).
    Removing stm32f10x_rtc.o(i.RTC_ITConfig), (100 bytes).
    Removing stm32f10x_rtc.o(i.RTC_SetAlarm), (28 bytes).
    Removing stm32f10x_rtc.o(i.RTC_SetCounter), (28 bytes).
    Removing stm32f10x_rtc.o(i.RTC_SetPrescaler), (76 bytes).
    Removing stm32f10x_rtc.o(i.RTC_WaitForLastTask), (20 bytes).
    Removing stm32f10x_rtc.o(i.RTC_WaitForSynchro), (36 bytes).
    Removing stm32f10x_sdio.o(i.SDIO_CEATAITCmd), (64 bytes).
    Removing stm32f10x_sdio.o(i.SDIO_ClearFlag), (68 bytes).
    Removing stm32f10x_sdio.o(i.SDIO_ClearITPendingBit), (68 bytes).
    Removing stm32f10x_sdio.o(i.SDIO_ClockCmd), (60 bytes).
    Removing stm32f10x_sdio.o(i.SDIO_CmdStructInit), (14 bytes).
    Removing stm32f10x_sdio.o(i.SDIO_CommandCompletionCmd), (60 bytes).
    Removing stm32f10x_sdio.o(i.SDIO_DMACmd), (60 bytes).
    Removing stm32f10x_sdio.o(i.SDIO_DataConfig), (264 bytes).
    Removing stm32f10x_sdio.o(i.SDIO_DataStructInit), (20 bytes).
    Removing stm32f10x_sdio.o(i.SDIO_DeInit), (36 bytes).
    Removing stm32f10x_sdio.o(i.SDIO_GetCommandResponse), (12 bytes).
    Removing stm32f10x_sdio.o(i.SDIO_GetDataCounter), (12 bytes).
    Removing stm32f10x_sdio.o(i.SDIO_GetFIFOCount), (12 bytes).
    Removing stm32f10x_sdio.o(i.SDIO_GetFlagStatus), (196 bytes).
    Removing stm32f10x_sdio.o(i.SDIO_GetITStatus), (196 bytes).
    Removing stm32f10x_sdio.o(i.SDIO_GetPowerState), (16 bytes).
    Removing stm32f10x_sdio.o(i.SDIO_GetResponse), (80 bytes).
    Removing stm32f10x_sdio.o(i.SDIO_ITConfig), (104 bytes).
    Removing stm32f10x_sdio.o(i.SDIO_Init), (196 bytes).
    Removing stm32f10x_sdio.o(i.SDIO_ReadData), (12 bytes).
    Removing stm32f10x_sdio.o(i.SDIO_SendCEATACmd), (60 bytes).
    Removing stm32f10x_sdio.o(i.SDIO_SendCommand), (176 bytes).
    Removing stm32f10x_sdio.o(i.SDIO_SendSDIOSuspendCmd), (60 bytes).
    Removing stm32f10x_sdio.o(i.SDIO_SetPowerState), (76 bytes).
    Removing stm32f10x_sdio.o(i.SDIO_SetSDIOOperation), (60 bytes).
    Removing stm32f10x_sdio.o(i.SDIO_SetSDIOReadWaitMode), (60 bytes).
    Removing stm32f10x_sdio.o(i.SDIO_StartSDIOReadWait), (60 bytes).
    Removing stm32f10x_sdio.o(i.SDIO_StopSDIOReadWait), (60 bytes).
    Removing stm32f10x_sdio.o(i.SDIO_StructInit), (16 bytes).
    Removing stm32f10x_sdio.o(i.SDIO_WriteData), (12 bytes).
    Removing stm32f10x_spi.o(i.I2S_Cmd), (108 bytes).
    Removing stm32f10x_spi.o(i.I2S_Init), (476 bytes).
    Removing stm32f10x_spi.o(i.I2S_StructInit), (20 bytes).
    Removing stm32f10x_spi.o(i.SPI_BiDirectionalLineConfig), (132 bytes).
    Removing stm32f10x_spi.o(i.SPI_CalculateCRC), (120 bytes).
    Removing stm32f10x_spi.o(i.SPI_Cmd), (120 bytes).
    Removing stm32f10x_spi.o(i.SPI_DataSizeConfig), (116 bytes).
    Removing stm32f10x_spi.o(i.SPI_GetCRC), (112 bytes).
    Removing stm32f10x_spi.o(i.SPI_GetCRCPolynomial), (80 bytes).
    Removing stm32f10x_spi.o(i.SPI_I2S_ClearFlag), (100 bytes).
    Removing stm32f10x_spi.o(i.SPI_I2S_ClearITPendingBit), (112 bytes).
    Removing stm32f10x_spi.o(i.SPI_I2S_DMACmd), (136 bytes).
    Removing stm32f10x_spi.o(i.SPI_I2S_DeInit), (144 bytes).
    Removing stm32f10x_spi.o(i.SPI_I2S_GetFlagStatus), (140 bytes).
    Removing stm32f10x_spi.o(i.SPI_I2S_GetITStatus), (176 bytes).
    Removing stm32f10x_spi.o(i.SPI_I2S_ITConfig), (160 bytes).
    Removing stm32f10x_spi.o(i.SPI_I2S_ReceiveData), (80 bytes).
    Removing stm32f10x_spi.o(i.SPI_I2S_SendData), (80 bytes).
    Removing stm32f10x_spi.o(i.SPI_Init), (368 bytes).
    Removing stm32f10x_spi.o(i.SPI_NSSInternalSoftwareConfig), (132 bytes).
    Removing stm32f10x_spi.o(i.SPI_SSOutputCmd), (120 bytes).
    Removing stm32f10x_spi.o(i.SPI_StructInit), (24 bytes).
    Removing stm32f10x_spi.o(i.SPI_TransmitCRC), (84 bytes).
    Removing stm32f10x_tim.o(i.TI1_Config), (128 bytes).
    Removing stm32f10x_tim.o(i.TI2_Config), (152 bytes).
    Removing stm32f10x_tim.o(i.TI3_Config), (144 bytes).
    Removing stm32f10x_tim.o(i.TI4_Config), (152 bytes).
    Removing stm32f10x_tim.o(i.TIM_BDTRConfig), (288 bytes).
    Removing stm32f10x_tim.o(i.TIM_BDTRStructInit), (18 bytes).
    Removing stm32f10x_tim.o(i.TIM_CCPreloadControl), (156 bytes).
    Removing stm32f10x_tim.o(i.TIM_CCxCmd), (272 bytes).
    Removing stm32f10x_tim.o(i.TIM_CCxNCmd), (172 bytes).
    Removing stm32f10x_tim.o(i.TIM_ClearFlag), (240 bytes).
    Removing stm32f10x_tim.o(i.TIM_ClearITPendingBit), (240 bytes).
    Removing stm32f10x_tim.o(i.TIM_ClearOC1Ref), (136 bytes).
    Removing stm32f10x_tim.o(i.TIM_ClearOC2Ref), (144 bytes).
    Removing stm32f10x_tim.o(i.TIM_ClearOC3Ref), (136 bytes).
    Removing stm32f10x_tim.o(i.TIM_ClearOC4Ref), (144 bytes).
    Removing stm32f10x_tim.o(i.TIM_CounterModeConfig), (148 bytes).
    Removing stm32f10x_tim.o(i.TIM_CtrlPWMOutputs), (144 bytes).
    Removing stm32f10x_tim.o(i.TIM_DMACmd), (212 bytes).
    Removing stm32f10x_tim.o(i.TIM_DMAConfig), (348 bytes).
    Removing stm32f10x_tim.o(i.TIM_DeInit), (628 bytes).
    Removing stm32f10x_tim.o(i.TIM_ETRClockMode1Config), (220 bytes).
    Removing stm32f10x_tim.o(i.TIM_ETRClockMode2Config), (200 bytes).
    Removing stm32f10x_tim.o(i.TIM_ETRConfig), (212 bytes).
    Removing stm32f10x_tim.o(i.TIM_EncoderInterfaceConfig), (264 bytes).
    Removing stm32f10x_tim.o(i.TIM_ForcedOC1Config), (228 bytes).
    Removing stm32f10x_tim.o(i.TIM_ForcedOC2Config), (176 bytes).
    Removing stm32f10x_tim.o(i.TIM_ForcedOC3Config), (140 bytes).
    Removing stm32f10x_tim.o(i.TIM_ForcedOC4Config), (148 bytes).
    Removing stm32f10x_tim.o(i.TIM_GenerateEvent), (236 bytes).
    Removing stm32f10x_tim.o(i.TIM_GetCapture1), (196 bytes).
    Removing stm32f10x_tim.o(i.TIM_GetCapture2), (136 bytes).
    Removing stm32f10x_tim.o(i.TIM_GetCapture3), (104 bytes).
    Removing stm32f10x_tim.o(i.TIM_GetCapture4), (108 bytes).
    Removing stm32f10x_tim.o(i.TIM_GetCounter), (216 bytes).
    Removing stm32f10x_tim.o(i.TIM_GetFlagStatus), (300 bytes).
    Removing stm32f10x_tim.o(i.TIM_GetITStatus), (296 bytes).
    Removing stm32f10x_tim.o(i.TIM_GetPrescaler), (216 bytes).
    Removing stm32f10x_tim.o(i.TIM_ICInit), (664 bytes).
    Removing stm32f10x_tim.o(i.TIM_ICStructInit), (18 bytes).
    Removing stm32f10x_tim.o(i.TIM_ITConfig), (272 bytes).
    Removing stm32f10x_tim.o(i.TIM_ITRxExternalClockConfig), (176 bytes).
    Removing stm32f10x_tim.o(i.TIM_InternalClockConfig), (144 bytes).
    Removing stm32f10x_tim.o(i.TIM_OC1FastConfig), (228 bytes).
    Removing stm32f10x_tim.o(i.TIM_OC1NPolarityConfig), (132 bytes).
    Removing stm32f10x_tim.o(i.TIM_OC1PolarityConfig), (228 bytes).
    Removing stm32f10x_tim.o(i.TIM_OC2FastConfig), (176 bytes).
    Removing stm32f10x_tim.o(i.TIM_OC2NPolarityConfig), (108 bytes).
    Removing stm32f10x_tim.o(i.TIM_OC2PolarityConfig), (176 bytes).
    Removing stm32f10x_tim.o(i.TIM_OC3FastConfig), (136 bytes).
    Removing stm32f10x_tim.o(i.TIM_OC3Init), (448 bytes).
    Removing stm32f10x_tim.o(i.TIM_OC3NPolarityConfig), (108 bytes).
    Removing stm32f10x_tim.o(i.TIM_OC3PolarityConfig), (144 bytes).
    Removing stm32f10x_tim.o(i.TIM_OC3PreloadConfig), (136 bytes).
    Removing stm32f10x_tim.o(i.TIM_OC4FastConfig), (144 bytes).
    Removing stm32f10x_tim.o(i.TIM_OC4Init), (340 bytes).
    Removing stm32f10x_tim.o(i.TIM_OC4PolarityConfig), (144 bytes).
    Removing stm32f10x_tim.o(i.TIM_OC4PreloadConfig), (144 bytes).
    Removing stm32f10x_tim.o(i.TIM_OCStructInit), (20 bytes).
    Removing stm32f10x_tim.o(i.TIM_PWMIConfig), (252 bytes).
    Removing stm32f10x_tim.o(i.TIM_PrescalerConfig), (240 bytes).
    Removing stm32f10x_tim.o(i.TIM_SelectCCDMA), (176 bytes).
    Removing stm32f10x_tim.o(i.TIM_SelectCOM), (140 bytes).
    Removing stm32f10x_tim.o(i.TIM_SelectHallSensor), (176 bytes).
    Removing stm32f10x_tim.o(i.TIM_SelectInputTrigger), (192 bytes).
    Removing stm32f10x_tim.o(i.TIM_SelectMasterSlaveMode), (168 bytes).
    Removing stm32f10x_tim.o(i.TIM_SelectOCxM), (348 bytes).
    Removing stm32f10x_tim.o(i.TIM_SelectOnePulseMode), (248 bytes).
    Removing stm32f10x_tim.o(i.TIM_SelectOutputTrigger), (212 bytes).
    Removing stm32f10x_tim.o(i.TIM_SelectSlaveMode), (180 bytes).
    Removing stm32f10x_tim.o(i.TIM_SetAutoreload), (216 bytes).
    Removing stm32f10x_tim.o(i.TIM_SetClockDivision), (236 bytes).
    Removing stm32f10x_tim.o(i.TIM_SetCompare1), (196 bytes).
    Removing stm32f10x_tim.o(i.TIM_SetCompare2), (136 bytes).
    Removing stm32f10x_tim.o(i.TIM_SetCompare3), (108 bytes).
    Removing stm32f10x_tim.o(i.TIM_SetCompare4), (108 bytes).
    Removing stm32f10x_tim.o(i.TIM_SetCounter), (216 bytes).
    Removing stm32f10x_tim.o(i.TIM_SetIC1Prescaler), (236 bytes).
    Removing stm32f10x_tim.o(i.TIM_SetIC2Prescaler), (184 bytes).
    Removing stm32f10x_tim.o(i.TIM_SetIC3Prescaler), (148 bytes).
    Removing stm32f10x_tim.o(i.TIM_SetIC4Prescaler), (156 bytes).
    Removing stm32f10x_tim.o(i.TIM_TIxExternalClockConfig), (248 bytes).
    Removing stm32f10x_tim.o(i.TIM_TimeBaseStructInit), (18 bytes).
    Removing stm32f10x_tim.o(i.TIM_UpdateDisableConfig), (256 bytes).
    Removing stm32f10x_tim.o(i.TIM_UpdateRequestConfig), (256 bytes).
    Removing stm32f10x_usart.o(i.USART_ClearFlag), (168 bytes).
    Removing stm32f10x_usart.o(i.USART_ClearITPendingBit), (204 bytes).
    Removing stm32f10x_usart.o(i.USART_ClockInit), (208 bytes).
    Removing stm32f10x_usart.o(i.USART_ClockStructInit), (12 bytes).
    Removing stm32f10x_usart.o(i.USART_DMACmd), (160 bytes).
    Removing stm32f10x_usart.o(i.USART_DeInit), (228 bytes).
    Removing stm32f10x_usart.o(i.USART_GetITStatus), (304 bytes).
    Removing stm32f10x_usart.o(i.USART_HalfDuplexCmd), (144 bytes).
    Removing stm32f10x_usart.o(i.USART_IrDACmd), (144 bytes).
    Removing stm32f10x_usart.o(i.USART_IrDAConfig), (136 bytes).
    Removing stm32f10x_usart.o(i.USART_LINBreakDetectLengthConfig), (136 bytes).
    Removing stm32f10x_usart.o(i.USART_LINCmd), (144 bytes).
    Removing stm32f10x_usart.o(i.USART_OneBitMethodCmd), (144 bytes).
    Removing stm32f10x_usart.o(i.USART_OverSampling8Cmd), (140 bytes).
    Removing stm32f10x_usart.o(i.USART_ReceiverWakeUpCmd), (144 bytes).
    Removing stm32f10x_usart.o(i.USART_SendBreak), (108 bytes).
    Removing stm32f10x_usart.o(i.USART_SetAddress), (136 bytes).
    Removing stm32f10x_usart.o(i.USART_SetGuardTime), (96 bytes).
    Removing stm32f10x_usart.o(i.USART_SetPrescaler), (116 bytes).
    Removing stm32f10x_usart.o(i.USART_SmartCardCmd), (124 bytes).
    Removing stm32f10x_usart.o(i.USART_SmartCardNACKCmd), (124 bytes).
    Removing stm32f10x_usart.o(i.USART_StructInit), (24 bytes).
    Removing stm32f10x_usart.o(i.USART_WakeUpConfig), (140 bytes).
    Removing stm32f10x_wwdg.o(i.WWDG_ClearFlag), (12 bytes).
    Removing stm32f10x_wwdg.o(i.WWDG_DeInit), (22 bytes).
    Removing stm32f10x_wwdg.o(i.WWDG_Enable), (64 bytes).
    Removing stm32f10x_wwdg.o(i.WWDG_EnableIT), (12 bytes).
    Removing stm32f10x_wwdg.o(i.WWDG_GetFlagStatus), (12 bytes).
    Removing stm32f10x_wwdg.o(i.WWDG_SetCounter), (64 bytes).
    Removing stm32f10x_wwdg.o(i.WWDG_SetPrescaler), (84 bytes).
    Removing stm32f10x_wwdg.o(i.WWDG_SetWindowValue), (84 bytes).
    Removing dflti.o(.text), (34 bytes).
    Removing d2f.o(.text), (56 bytes).

466 unused section(s) (total 59106 bytes) removed from the image.

==============================================================================

Image Symbol Table

    Local Symbols

    Symbol Name                              Value     Ov Type        Size  Object(Section)

    ../clib/../cmprslib/lz77c.c              0x00000000   Number         0  __dclz77c.o ABSOLUTE
    ../clib/microlib/division.c              0x00000000   Number         0  uldiv.o ABSOLUTE
    ../clib/microlib/division.c              0x00000000   Number         0  uidiv.o ABSOLUTE
    ../clib/microlib/init/entry.s            0x00000000   Number         0  entry10a.o ABSOLUTE
    ../clib/microlib/init/entry.s            0x00000000   Number         0  entry7a.o ABSOLUTE
    ../clib/microlib/init/entry.s            0x00000000   Number         0  entry9a.o ABSOLUTE
    ../clib/microlib/init/entry.s            0x00000000   Number         0  entry7b.o ABSOLUTE
    ../clib/microlib/init/entry.s            0x00000000   Number         0  entry11b.o ABSOLUTE
    ../clib/microlib/init/entry.s            0x00000000   Number         0  entry9b.o ABSOLUTE
    ../clib/microlib/init/entry.s            0x00000000   Number         0  entry8b.o ABSOLUTE
    ../clib/microlib/init/entry.s            0x00000000   Number         0  entry8a.o ABSOLUTE
    ../clib/microlib/init/entry.s            0x00000000   Number         0  entry.o ABSOLUTE
    ../clib/microlib/init/entry.s            0x00000000   Number         0  entry5.o ABSOLUTE
    ../clib/microlib/init/entry.s            0x00000000   Number         0  entry2.o ABSOLUTE
    ../clib/microlib/init/entry.s            0x00000000   Number         0  entry11a.o ABSOLUTE
    ../clib/microlib/init/entry.s            0x00000000   Number         0  entry10b.o ABSOLUTE
    ../clib/microlib/longlong.c              0x00000000   Number         0  llushr.o ABSOLUTE
    ../clib/microlib/longlong.c              0x00000000   Number         0  llshl.o ABSOLUTE
    ../clib/microlib/longlong.c              0x00000000   Number         0  llsshr.o ABSOLUTE
    ../clib/microlib/printf/printf.c         0x00000000   Number         0  printf0.o ABSOLUTE
    ../clib/microlib/printf/printf.c         0x00000000   Number         0  printf1.o ABSOLUTE
    ../clib/microlib/printf/printf.c         0x00000000   Number         0  printf7.o ABSOLUTE
    ../clib/microlib/printf/printf.c         0x00000000   Number         0  printfb.o ABSOLUTE
    ../clib/microlib/printf/printf.c         0x00000000   Number         0  printf6.o ABSOLUTE
    ../clib/microlib/printf/printf.c         0x00000000   Number         0  printf2.o ABSOLUTE
    ../clib/microlib/printf/printf.c         0x00000000   Number         0  printf3.o ABSOLUTE
    ../clib/microlib/printf/printf.c         0x00000000   Number         0  printf4.o ABSOLUTE
    ../clib/microlib/printf/printf.c         0x00000000   Number         0  printf5.o ABSOLUTE
    ../clib/microlib/printf/printf.c         0x00000000   Number         0  printfa.o ABSOLUTE
    ../clib/microlib/printf/printf.c         0x00000000   Number         0  printf8.o ABSOLUTE
    ../clib/microlib/printf/stubs.s          0x00000000   Number         0  stubs.o ABSOLUTE
    ../clib/microlib/stdio/streams.c         0x00000000   Number         0  stdout.o ABSOLUTE
    ../clib/microlib/stubs.s                 0x00000000   Number         0  iusefp.o ABSOLUTE
    ../fplib/microlib/d2f.c                  0x00000000   Number         0  d2f.o ABSOLUTE
    ../fplib/microlib/f2d.c                  0x00000000   Number         0  f2d.o ABSOLUTE
    ../fplib/microlib/fpadd.c                0x00000000   Number         0  fadd.o ABSOLUTE
    ../fplib/microlib/fpadd.c                0x00000000   Number         0  dadd.o ABSOLUTE
    ../fplib/microlib/fpdiv.c                0x00000000   Number         0  fdiv.o ABSOLUTE
    ../fplib/microlib/fpdiv.c                0x00000000   Number         0  ddiv.o ABSOLUTE
    ../fplib/microlib/fpepilogue.c           0x00000000   Number         0  fepilogue.o ABSOLUTE
    ../fplib/microlib/fpepilogue.c           0x00000000   Number         0  depilogue.o ABSOLUTE
    ../fplib/microlib/fpfix.c                0x00000000   Number         0  dfixul.o ABSOLUTE
    ../fplib/microlib/fpfix.c                0x00000000   Number         0  ffixui.o ABSOLUTE
    ../fplib/microlib/fpfix.c                0x00000000   Number         0  ffixi.o ABSOLUTE
    ../fplib/microlib/fpflt.c                0x00000000   Number         0  dflti.o ABSOLUTE
    ../fplib/microlib/fpflt.c                0x00000000   Number         0  ffltui.o ABSOLUTE
    ../fplib/microlib/fpflt.c                0x00000000   Number         0  fflti.o ABSOLUTE
    ../fplib/microlib/fpmul.c                0x00000000   Number         0  dmul.o ABSOLUTE
    ../fplib/microlib/fpmul.c                0x00000000   Number         0  fmul.o ABSOLUTE
    ..\CMSIS\core_cm3.c                      0x00000000   Number         0  core_cm3.o ABSOLUTE
    ..\CMSIS\startup_stm32f10x_hd.s          0x00000000   Number         0  startup_stm32f10x_hd.o ABSOLUTE
    ..\CMSIS\system_stm32f10x.c              0x00000000   Number         0  system_stm32f10x.o ABSOLUTE
    ..\HARDWARE\Drv_LCD.c                    0x00000000   Number         0  drv_lcd.o ABSOLUTE
    ..\HARDWARE\Drv_SysTick.c                0x00000000   Number         0  drv_systick.o ABSOLUTE
    ..\HARDWARE\Drv_USART1.c                 0x00000000   Number         0  drv_usart1.o ABSOLUTE
    ..\LIB\src\misc.c                        0x00000000   Number         0  misc.o ABSOLUTE
    ..\LIB\src\stm32f10x_adc.c               0x00000000   Number         0  stm32f10x_adc.o ABSOLUTE
    ..\LIB\src\stm32f10x_bkp.c               0x00000000   Number         0  stm32f10x_bkp.o ABSOLUTE
    ..\LIB\src\stm32f10x_can.c               0x00000000   Number         0  stm32f10x_can.o ABSOLUTE
    ..\LIB\src\stm32f10x_cec.c               0x00000000   Number         0  stm32f10x_cec.o ABSOLUTE
    ..\LIB\src\stm32f10x_crc.c               0x00000000   Number         0  stm32f10x_crc.o ABSOLUTE
    ..\LIB\src\stm32f10x_dac.c               0x00000000   Number         0  stm32f10x_dac.o ABSOLUTE
    ..\LIB\src\stm32f10x_dbgmcu.c            0x00000000   Number         0  stm32f10x_dbgmcu.o ABSOLUTE
    ..\LIB\src\stm32f10x_dma.c               0x00000000   Number         0  stm32f10x_dma.o ABSOLUTE
    ..\LIB\src\stm32f10x_exti.c              0x00000000   Number         0  stm32f10x_exti.o ABSOLUTE
    ..\LIB\src\stm32f10x_flash.c             0x00000000   Number         0  stm32f10x_flash.o ABSOLUTE
    ..\LIB\src\stm32f10x_fsmc.c              0x00000000   Number         0  stm32f10x_fsmc.o ABSOLUTE
    ..\LIB\src\stm32f10x_gpio.c              0x00000000   Number         0  stm32f10x_gpio.o ABSOLUTE
    ..\LIB\src\stm32f10x_i2c.c               0x00000000   Number         0  stm32f10x_i2c.o ABSOLUTE
    ..\LIB\src\stm32f10x_iwdg.c              0x00000000   Number         0  stm32f10x_iwdg.o ABSOLUTE
    ..\LIB\src\stm32f10x_pwr.c               0x00000000   Number         0  stm32f10x_pwr.o ABSOLUTE
    ..\LIB\src\stm32f10x_rcc.c               0x00000000   Number         0  stm32f10x_rcc.o ABSOLUTE
    ..\LIB\src\stm32f10x_rtc.c               0x00000000   Number         0  stm32f10x_rtc.o ABSOLUTE
    ..\LIB\src\stm32f10x_sdio.c              0x00000000   Number         0  stm32f10x_sdio.o ABSOLUTE
    ..\LIB\src\stm32f10x_spi.c               0x00000000   Number         0  stm32f10x_spi.o ABSOLUTE
    ..\LIB\src\stm32f10x_tim.c               0x00000000   Number         0  stm32f10x_tim.o ABSOLUTE
    ..\LIB\src\stm32f10x_usart.c             0x00000000   Number         0  stm32f10x_usart.o ABSOLUTE
    ..\LIB\src\stm32f10x_wwdg.c              0x00000000   Number         0  stm32f10x_wwdg.o ABSOLUTE
    ..\\CMSIS\\core_cm3.c                    0x00000000   Number         0  core_cm3.o ABSOLUTE
    DS18B20.c                                0x00000000   Number         0  ds18b20.o ABSOLUTE
    cdrcmple.s                               0x00000000   Number         0  cdrcmple.o ABSOLUTE
    cfcmple.s                                0x00000000   Number         0  cfcmple.o ABSOLUTE
    cfrcmple.s                               0x00000000   Number         0  cfrcmple.o ABSOLUTE
    control.c                                0x00000000   Number         0  control.o ABSOLUTE
    dc.s                                     0x00000000   Number         0  dc.o ABSOLUTE
    handlers.s                               0x00000000   Number         0  handlers.o ABSOLUTE
    init.s                                   0x00000000   Number         0  init.o ABSOLUTE
    k.c                                      0x00000000   Number         0  k.o ABSOLUTE
    main.c                                   0x00000000   Number         0  main.o ABSOLUTE
    stm32f10x_it.c                           0x00000000   Number         0  stm32f10x_it.o ABSOLUTE
    RESET                                    0x08000000   Section      304  startup_stm32f10x_hd.o(RESET)
    .ARM.Collect$$$$00000000                 0x08000130   Section        0  entry.o(.ARM.Collect$$$$00000000)
    .ARM.Collect$$$$00000001                 0x08000130   Section        4  entry2.o(.ARM.Collect$$$$00000001)
    .ARM.Collect$$$$00000004                 0x08000134   Section        4  entry5.o(.ARM.Collect$$$$00000004)
    .ARM.Collect$$$$00000008                 0x08000138   Section        0  entry7b.o(.ARM.Collect$$$$00000008)
    .ARM.Collect$$$$0000000A                 0x08000138   Section        0  entry8b.o(.ARM.Collect$$$$0000000A)
    .ARM.Collect$$$$0000000B                 0x08000138   Section        8  entry9a.o(.ARM.Collect$$$$0000000B)
    .ARM.Collect$$$$0000000D                 0x08000140   Section        0  entry10a.o(.ARM.Collect$$$$0000000D)
    .ARM.Collect$$$$0000000F                 0x08000140   Section        0  entry11a.o(.ARM.Collect$$$$0000000F)
    .ARM.Collect$$$$00002712                 0x08000140   Section        4  entry2.o(.ARM.Collect$$$$00002712)
    __lit__00000000                          0x08000140   Data           4  entry2.o(.ARM.Collect$$$$00002712)
    .text                                    0x08000144   Section       36  startup_stm32f10x_hd.o(.text)
    .text                                    0x08000168   Section        0  fadd.o(.text)
    .text                                    0x08000218   Section        0  fmul.o(.text)
    .text                                    0x0800027c   Section        0  fdiv.o(.text)
    .text                                    0x080002f8   Section        0  dmul.o(.text)
    .text                                    0x080003dc   Section        0  fflti.o(.text)
    .text                                    0x080003ee   Section        0  ffltui.o(.text)
    .text                                    0x080003f8   Section        0  ffixi.o(.text)
    .text                                    0x0800042a   Section        0  ffixui.o(.text)
    .text                                    0x08000452   Section        0  f2d.o(.text)
    .text                                    0x08000478   Section       20  cfcmple.o(.text)
    .text                                    0x0800048c   Section       20  cfrcmple.o(.text)
    .text                                    0x080004a0   Section        0  uidiv.o(.text)
    .text                                    0x080004cc   Section        0  uldiv.o(.text)
    .text                                    0x0800052e   Section        0  fepilogue.o(.text)
    .text                                    0x0800052e   Section        0  iusefp.o(.text)
    .text                                    0x0800059c   Section        0  depilogue.o(.text)
    .text                                    0x08000652   Section        0  dadd.o(.text)
    .text                                    0x080007a0   Section        0  ddiv.o(.text)
    .text                                    0x0800087e   Section        0  dfixul.o(.text)
    .text                                    0x080008b0   Section       40  cdrcmple.o(.text)
    .text                                    0x080008d8   Section       36  init.o(.text)
    .text                                    0x080008fc   Section        0  llshl.o(.text)
    .text                                    0x0800091a   Section        0  llushr.o(.text)
    .text                                    0x0800093a   Section        0  llsshr.o(.text)
    .text                                    0x0800095e   Section        0  __dclz77c.o(.text)
    i.BusFault_Handler                       0x080009bc   Section        0  stm32f10x_it.o(i.BusFault_Handler)
    i.DebugMon_Handler                       0x080009c0   Section        0  stm32f10x_it.o(i.DebugMon_Handler)
    i.Delay_Ms                               0x080009c2   Section        0  drv_systick.o(i.Delay_Ms)
    i.Delay_Us                               0x080009dc   Section        0  drv_systick.o(i.Delay_Us)
    i.Draw_if_required                       0x08000a48   Section        0  main.o(i.Draw_if_required)
    i.EXTI9_5_IRQHandler                     0x08000bc4   Section        0  stm32f10x_it.o(i.EXTI9_5_IRQHandler)
    i.EXTI_ClearFlag                         0x08000cb4   Section        0  stm32f10x_exti.o(i.EXTI_ClearFlag)
    i.EXTI_ClearITPendingBit                 0x08000cf0   Section        0  stm32f10x_exti.o(i.EXTI_ClearITPendingBit)
    i.EXTI_GetITStatus                       0x08000d2c   Section        0  stm32f10x_exti.o(i.EXTI_GetITStatus)
    i.EXTI_Init                              0x08000de4   Section        0  stm32f10x_exti.o(i.EXTI_Init)
    i.FSMC_NORSRAMCmd                        0x08000ef0   Section        0  stm32f10x_fsmc.o(i.FSMC_NORSRAMCmd)
    i.FSMC_NORSRAMInit                       0x08000f70   Section        0  stm32f10x_fsmc.o(i.FSMC_NORSRAMInit)
    i.GPIO_EXTILineConfig                    0x080012cc   Section        0  stm32f10x_gpio.o(i.GPIO_EXTILineConfig)
    i.GPIO_Init                              0x0800139c   Section        0  stm32f10x_gpio.o(i.GPIO_Init)
    i.GPIO_Init_337                          0x08001550   Section        0  main.o(i.GPIO_Init_337)
    i.GPIO_PinRemapConfig                    0x080016a8   Section        0  stm32f10x_gpio.o(i.GPIO_PinRemapConfig)
    i.GPIO_ReadInputDataBit                  0x080018dc   Section        0  stm32f10x_gpio.o(i.GPIO_ReadInputDataBit)
    i.GPIO_Togg_Bits                         0x080019c0   Section        0  stm32f10x_gpio.o(i.GPIO_Togg_Bits)
    i.HardFault_Handler                      0x08001a68   Section        0  stm32f10x_it.o(i.HardFault_Handler)
    i.LCD_Clear                              0x08001a6c   Section        0  drv_lcd.o(i.LCD_Clear)
    i.LCD_Clear_Draw                         0x08001aa0   Section        0  drv_lcd.o(i.LCD_Clear_Draw)
    i.LCD_DrawBitmap                         0x08001ad4   Section        0  drv_lcd.o(i.LCD_DrawBitmap)
    i.LCD_DrawPoint                          0x08001b9c   Section        0  drv_lcd.o(i.LCD_DrawPoint)
    i.LCD_Init                               0x08001bec   Section        0  drv_lcd.o(i.LCD_Init)
    i.LCD_SetStart                           0x08001eb4   Section        0  drv_lcd.o(i.LCD_SetStart)
    i.LCD_ShowChar                           0x08001ef8   Section        0  drv_lcd.o(i.LCD_ShowChar)
    i.LCD_Window                             0x08001f90   Section        0  drv_lcd.o(i.LCD_Window)
    i.LCD_WriteReg                           0x08001fdc   Section        0  drv_lcd.o(i.LCD_WriteReg)
    LCD_WriteReg                             0x08001fdd   Thumb Code    10  drv_lcd.o(i.LCD_WriteReg)
    i.LCD_printf                             0x08001fec   Section        0  drv_lcd.o(i.LCD_printf)
    i.MemManage_Handler                      0x080020a8   Section        0  stm32f10x_it.o(i.MemManage_Handler)
    i.NMI_Handler                            0x080020ac   Section        0  stm32f10x_it.o(i.NMI_Handler)
    i.NVIC_Init                              0x080020b0   Section        0  misc.o(i.NVIC_Init)
    i.NVIC_PriorityGroupConfig               0x08002170   Section        0  misc.o(i.NVIC_PriorityGroupConfig)
    i.PendSV_Handler                         0x080021c4   Section        0  stm32f10x_it.o(i.PendSV_Handler)
    i.RCC_AHBPeriphClockCmd                  0x080021c8   Section        0  stm32f10x_rcc.o(i.RCC_AHBPeriphClockCmd)
    i.RCC_APB1PeriphClockCmd                 0x08002234   Section        0  stm32f10x_rcc.o(i.RCC_APB1PeriphClockCmd)
    i.RCC_APB2PeriphClockCmd                 0x080022a0   Section        0  stm32f10x_rcc.o(i.RCC_APB2PeriphClockCmd)
    i.RCC_Configuration                      0x0800230c   Section        0  main.o(i.RCC_Configuration)
    i.RCC_GetClocksFreq                      0x0800232c   Section        0  stm32f10x_rcc.o(i.RCC_GetClocksFreq)
    i.RCC_PCLK1Config                        0x08002400   Section        0  stm32f10x_rcc.o(i.RCC_PCLK1Config)
    i.SVC_Handler                            0x0800245c   Section        0  stm32f10x_it.o(i.SVC_Handler)
    i.SetSysClock                            0x0800245e   Section        0  system_stm32f10x.o(i.SetSysClock)
    SetSysClock                              0x0800245f   Thumb Code     8  system_stm32f10x.o(i.SetSysClock)
    i.SetSysClockTo72                        0x08002468   Section        0  system_stm32f10x.o(i.SetSysClockTo72)
    SetSysClockTo72                          0x08002469   Thumb Code   214  system_stm32f10x.o(i.SetSysClockTo72)
    i.SysTick_CLKSourceConfig                0x08002548   Section        0  misc.o(i.SysTick_CLKSourceConfig)
    i.SysTick_Handler                        0x0800259c   Section        0  stm32f10x_it.o(i.SysTick_Handler)
    i.SysTick_Init                           0x080025ac   Section        0  drv_systick.o(i.SysTick_Init)
    i.SystemInit                             0x0800261c   Section        0  system_stm32f10x.o(i.SystemInit)
    i.TIM_ARRPreloadConfig                   0x0800267c   Section        0  stm32f10x_tim.o(i.TIM_ARRPreloadConfig)
    i.TIM_Cmd                                0x0800277c   Section        0  stm32f10x_tim.o(i.TIM_Cmd)
    i.TIM_OC1Init                            0x0800287c   Section        0  stm32f10x_tim.o(i.TIM_OC1Init)
    i.TIM_OC1PreloadConfig                   0x08002a84   Section        0  stm32f10x_tim.o(i.TIM_OC1PreloadConfig)
    i.TIM_OC2Init                            0x08002b68   Section        0  stm32f10x_tim.o(i.TIM_OC2Init)
    i.TIM_OC2PreloadConfig                   0x08002d4c   Section        0  stm32f10x_tim.o(i.TIM_OC2PreloadConfig)
    i.TIM_TimeBaseInit                       0x08002dfc   Section        0  stm32f10x_tim.o(i.TIM_TimeBaseInit)
    i.Temp_down_control                      0x08002f8c   Section        0  control.o(i.Temp_down_control)
    i.Tim_Pwm_change_duty                    0x080030a4   Section        0  main.o(i.Tim_Pwm_change_duty)
    i.USART1_Init                            0x0800312c   Section        0  drv_usart1.o(i.USART1_Init)
    i.USART3_IRQHandler                      0x080031ac   Section        0  stm32f10x_it.o(i.USART3_IRQHandler)
    i.USART3_IT_Init                         0x080032e8   Section        0  drv_usart1.o(i.USART3_IT_Init)
    i.USART_Cmd                              0x080033a0   Section        0  stm32f10x_usart.o(i.USART_Cmd)
    i.USART_GetFlagStatus                    0x08003430   Section        0  stm32f10x_usart.o(i.USART_GetFlagStatus)
    i.USART_ITConfig                         0x08003504   Section        0  stm32f10x_usart.o(i.USART_ITConfig)
    i.USART_Init                             0x08003630   Section        0  stm32f10x_usart.o(i.USART_Init)
    i.USART_ReceiveData                      0x0800382c   Section        0  stm32f10x_usart.o(i.USART_ReceiveData)
    i.USART_SendData                         0x08003898   Section        0  stm32f10x_usart.o(i.USART_SendData)
    i.UsageFault_Handler                     0x08003918   Section        0  stm32f10x_it.o(i.UsageFault_Handler)
    i.__0printf                              0x0800391c   Section        0  printfa.o(i.__0printf)
    i.__0vsnprintf                           0x0800393c   Section        0  printfa.o(i.__0vsnprintf)
    i.__scatterload_copy                     0x08003960   Section       14  handlers.o(i.__scatterload_copy)
    i.__scatterload_null                     0x0800396e   Section        2  handlers.o(i.__scatterload_null)
    i.__scatterload_zeroinit                 0x08003970   Section       14  handlers.o(i.__scatterload_zeroinit)
    i._fp_digits                             0x08003980   Section        0  printfa.o(i._fp_digits)
    _fp_digits                               0x08003981   Thumb Code   334  printfa.o(i._fp_digits)
    i._printf_core                           0x08003ae4   Section        0  printfa.o(i._printf_core)
    _printf_core                             0x08003ae5   Thumb Code  1744  printfa.o(i._printf_core)
    i._printf_post_padding                   0x080041c0   Section        0  printfa.o(i._printf_post_padding)
    _printf_post_padding                     0x080041c1   Thumb Code    36  printfa.o(i._printf_post_padding)
    i._printf_pre_padding                    0x080041e4   Section        0  printfa.o(i._printf_pre_padding)
    _printf_pre_padding                      0x080041e5   Thumb Code    46  printfa.o(i._printf_pre_padding)
    i._snputc                                0x08004212   Section        0  printfa.o(i._snputc)
    _snputc                                  0x08004213   Thumb Code    22  printfa.o(i._snputc)
    i.assert_failed                          0x08004228   Section        0  main.o(i.assert_failed)
    i.crc16                                  0x0800426c   Section        0  k.o(i.crc16)
    i.drawAxis                               0x080042a4   Section        0  k.o(i.drawAxis)
    i.drawTemp                               0x08004340   Section        0  k.o(i.drawTemp)
    i.drawWelPic                             0x08004384   Section        0  k.o(i.drawWelPic)
    i.fputc                                  0x080043cc   Section        0  drv_usart1.o(i.fputc)
    i.freadc                                 0x080043f0   Section        0  drv_usart1.o(i.freadc)
    i.freadc_3                               0x0800440c   Section        0  drv_usart1.o(i.freadc_3)
    i.fwritec                                0x08004428   Section        0  drv_usart1.o(i.fwritec)
    i.fwritec_3                              0x0800444c   Section        0  drv_usart1.o(i.fwritec_3)
    i.get_temp                               0x08004470   Section        0  k.o(i.get_temp)
    i.main                                   0x0800453c   Section        0  main.o(i.main)
    i.send_command                           0x08004690   Section        0  k.o(i.send_command)
    i.temp_EXTI9_5_IRQHandler                0x080046ac   Section        0  control.o(i.temp_EXTI9_5_IRQHandler)
    .constdata                               0x08005508   Section      512  k.o(.constdata)
    .constdata                               0x08005708   Section     5392  drv_lcd.o(.constdata)
    .data                                    0x20000000   Section       26  main.o(.data)
    .data                                    0x2000001a   Section        1  stm32f10x_it.o(.data)
    .data                                    0x2000001c   Section       16  control.o(.data)
    temp_error                               0x20000024   Data           4  control.o(.data)
    pwm_out                                  0x20000028   Data           4  control.o(.data)
    .data                                    0x2000002c   Section    39208  k.o(.data)
    .data                                    0x20009954   Section        4  drv_systick.o(.data)
    .data                                    0x20009958   Section        4  drv_lcd.o(.data)
    .data                                    0x2000995c   Section        5  stm32f10x_gpio.o(.data)
    Togg_flag                                0x2000995c   Data           5  stm32f10x_gpio.o(.data)
    .data                                    0x20009961   Section       20  stm32f10x_rcc.o(.data)
    APBAHBPrescTable                         0x20009961   Data          16  stm32f10x_rcc.o(.data)
    ADCPrescTable                            0x20009971   Data           4  stm32f10x_rcc.o(.data)
    .data                                    0x20009978   Section        4  stdout.o(.data)
    .bss                                     0x2000997c   Section       36  main.o(.bss)
    STACK                                    0x200099a0   Section     1024  startup_stm32f10x_hd.o(STACK)

    Global Symbols

    Symbol Name                              Value     Ov Type        Size  Object(Section)

    BuildAttributes$$THM_ISAv4$P$D$K$B$S$PE$A:L22UL41UL21$X:L11$S22US41US21$IEEE1$IW$USESV6$~STKCKD$USESV7$~SHL$OTIME$ROPI$EBA8$MICROLIB$REQ8$PRES8$EABIv2 0x00000000   Number         0  anon$$obj.o ABSOLUTE
    __ARM_use_no_argv                        0x00000000   Number         0  main.o ABSOLUTE
    _printf_a                                0x00000000   Number         0  stubs.o ABSOLUTE
    _printf_c                                0x00000000   Number         0  stubs.o ABSOLUTE
    _printf_charcount                        0x00000000   Number         0  stubs.o ABSOLUTE
    _printf_d                                0x00000000   Number         0  stubs.o ABSOLUTE
    _printf_e                                0x00000000   Number         0  stubs.o ABSOLUTE
    _printf_f                                0x00000000   Number         0  stubs.o ABSOLUTE
    _printf_flags                            0x00000000   Number         0  stubs.o ABSOLUTE
    _printf_fp_dec                           0x00000000   Number         0  stubs.o ABSOLUTE
    _printf_fp_hex                           0x00000000   Number         0  stubs.o ABSOLUTE
    _printf_g                                0x00000000   Number         0  stubs.o ABSOLUTE
    _printf_i                                0x00000000   Number         0  stubs.o ABSOLUTE
    _printf_int_dec                          0x00000000   Number         0  stubs.o ABSOLUTE
    _printf_l                                0x00000000   Number         0  stubs.o ABSOLUTE
    _printf_lc                               0x00000000   Number         0  stubs.o ABSOLUTE
    _printf_ll                               0x00000000   Number         0  stubs.o ABSOLUTE
    _printf_lld                              0x00000000   Number         0  stubs.o ABSOLUTE
    _printf_lli                              0x00000000   Number         0  stubs.o ABSOLUTE
    _printf_llo                              0x00000000   Number         0  stubs.o ABSOLUTE
    _printf_llu                              0x00000000   Number         0  stubs.o ABSOLUTE
    _printf_llx                              0x00000000   Number         0  stubs.o ABSOLUTE
    _printf_longlong_dec                     0x00000000   Number         0  stubs.o ABSOLUTE
    _printf_longlong_hex                     0x00000000   Number         0  stubs.o ABSOLUTE
    _printf_longlong_oct                     0x00000000   Number         0  stubs.o ABSOLUTE
    _printf_ls                               0x00000000   Number         0  stubs.o ABSOLUTE
    _printf_mbtowc                           0x00000000   Number         0  stubs.o ABSOLUTE
    _printf_n                                0x00000000   Number         0  stubs.o ABSOLUTE
    _printf_o                                0x00000000   Number         0  stubs.o ABSOLUTE
    _printf_p                                0x00000000   Number         0  stubs.o ABSOLUTE
    _printf_percent                          0x00000000   Number         0  stubs.o ABSOLUTE
    _printf_pre_padding                      0x00000000   Number         0  stubs.o ABSOLUTE
    _printf_return_value                     0x00000000   Number         0  stubs.o ABSOLUTE
    _printf_s                                0x00000000   Number         0  stubs.o ABSOLUTE
    _printf_sizespec                         0x00000000   Number         0  stubs.o ABSOLUTE
    _printf_str                              0x00000000   Number         0  stubs.o ABSOLUTE
    _printf_truncate_signed                  0x00000000   Number         0  stubs.o ABSOLUTE
    _printf_truncate_unsigned                0x00000000   Number         0  stubs.o ABSOLUTE
    _printf_u                                0x00000000   Number         0  stubs.o ABSOLUTE
    _printf_wc                               0x00000000   Number         0  stubs.o ABSOLUTE
    _printf_wctomb                           0x00000000   Number         0  stubs.o ABSOLUTE
    _printf_widthprec                        0x00000000   Number         0  stubs.o ABSOLUTE
    _printf_x                                0x00000000   Number         0  stubs.o ABSOLUTE
    __cpp_initialize__aeabi_                  - Undefined Weak Reference
    __cxa_finalize                            - Undefined Weak Reference
    _clock_init                               - Undefined Weak Reference
    _microlib_exit                            - Undefined Weak Reference
    __Vectors_Size                           0x00000130   Number         0  startup_stm32f10x_hd.o ABSOLUTE
    __Vectors                                0x08000000   Data           4  startup_stm32f10x_hd.o(RESET)
    __Vectors_End                            0x08000130   Data           0  startup_stm32f10x_hd.o(RESET)
    __main                                   0x08000131   Thumb Code     0  entry.o(.ARM.Collect$$$$00000000)
    _main_stk                                0x08000131   Thumb Code     0  entry2.o(.ARM.Collect$$$$00000001)
    _main_scatterload                        0x08000135   Thumb Code     0  entry5.o(.ARM.Collect$$$$00000004)
    __main_after_scatterload                 0x08000139   Thumb Code     0  entry5.o(.ARM.Collect$$$$00000004)
    _main_clock                              0x08000139   Thumb Code     0  entry7b.o(.ARM.Collect$$$$00000008)
    _main_cpp_init                           0x08000139   Thumb Code     0  entry8b.o(.ARM.Collect$$$$0000000A)
    _main_init                               0x08000139   Thumb Code     0  entry9a.o(.ARM.Collect$$$$0000000B)
    __rt_final_cpp                           0x08000141   Thumb Code     0  entry10a.o(.ARM.Collect$$$$0000000D)
    __rt_final_exit                          0x08000141   Thumb Code     0  entry11a.o(.ARM.Collect$$$$0000000F)
    Reset_Handler                            0x08000145   Thumb Code     8  startup_stm32f10x_hd.o(.text)
    ADC1_2_IRQHandler                        0x0800015f   Thumb Code     0  startup_stm32f10x_hd.o(.text)
    ADC3_IRQHandler                          0x0800015f   Thumb Code     0  startup_stm32f10x_hd.o(.text)
    CAN1_RX1_IRQHandler                      0x0800015f   Thumb Code     0  startup_stm32f10x_hd.o(.text)
    CAN1_SCE_IRQHandler                      0x0800015f   Thumb Code     0  startup_stm32f10x_hd.o(.text)
    DMA1_Channel1_IRQHandler                 0x0800015f   Thumb Code     0  startup_stm32f10x_hd.o(.text)
    DMA1_Channel2_IRQHandler                 0x0800015f   Thumb Code     0  startup_stm32f10x_hd.o(.text)
    DMA1_Channel3_IRQHandler                 0x0800015f   Thumb Code     0  startup_stm32f10x_hd.o(.text)
    DMA1_Channel4_IRQHandler                 0x0800015f   Thumb Code     0  startup_stm32f10x_hd.o(.text)
    DMA1_Channel5_IRQHandler                 0x0800015f   Thumb Code     0  startup_stm32f10x_hd.o(.text)
    DMA1_Channel6_IRQHandler                 0x0800015f   Thumb Code     0  startup_stm32f10x_hd.o(.text)
    DMA1_Channel7_IRQHandler                 0x0800015f   Thumb Code     0  startup_stm32f10x_hd.o(.text)
    DMA2_Channel1_IRQHandler                 0x0800015f   Thumb Code     0  startup_stm32f10x_hd.o(.text)
    DMA2_Channel2_IRQHandler                 0x0800015f   Thumb Code     0  startup_stm32f10x_hd.o(.text)
    DMA2_Channel3_IRQHandler                 0x0800015f   Thumb Code     0  startup_stm32f10x_hd.o(.text)
    DMA2_Channel4_5_IRQHandler               0x0800015f   Thumb Code     0  startup_stm32f10x_hd.o(.text)
    EXTI0_IRQHandler                         0x0800015f   Thumb Code     0  startup_stm32f10x_hd.o(.text)
    EXTI15_10_IRQHandler                     0x0800015f   Thumb Code     0  startup_stm32f10x_hd.o(.text)
    EXTI1_IRQHandler                         0x0800015f   Thumb Code     0  startup_stm32f10x_hd.o(.text)
    EXTI2_IRQHandler                         0x0800015f   Thumb Code     0  startup_stm32f10x_hd.o(.text)
    EXTI3_IRQHandler                         0x0800015f   Thumb Code     0  startup_stm32f10x_hd.o(.text)
    EXTI4_IRQHandler                         0x0800015f   Thumb Code     0  startup_stm32f10x_hd.o(.text)
    FLASH_IRQHandler                         0x0800015f   Thumb Code     0  startup_stm32f10x_hd.o(.text)
    FSMC_IRQHandler                          0x0800015f   Thumb Code     0  startup_stm32f10x_hd.o(.text)
    I2C1_ER_IRQHandler                       0x0800015f   Thumb Code     0  startup_stm32f10x_hd.o(.text)
    I2C1_EV_IRQHandler                       0x0800015f   Thumb Code     0  startup_stm32f10x_hd.o(.text)
    I2C2_ER_IRQHandler                       0x0800015f   Thumb Code     0  startup_stm32f10x_hd.o(.text)
    I2C2_EV_IRQHandler                       0x0800015f   Thumb Code     0  startup_stm32f10x_hd.o(.text)
    PVD_IRQHandler                           0x0800015f   Thumb Code     0  startup_stm32f10x_hd.o(.text)
    RCC_IRQHandler                           0x0800015f   Thumb Code     0  startup_stm32f10x_hd.o(.text)
    RTCAlarm_IRQHandler                      0x0800015f   Thumb Code     0  startup_stm32f10x_hd.o(.text)
    RTC_IRQHandler                           0x0800015f   Thumb Code     0  startup_stm32f10x_hd.o(.text)
    SDIO_IRQHandler                          0x0800015f   Thumb Code     0  startup_stm32f10x_hd.o(.text)
    SPI1_IRQHandler                          0x0800015f   Thumb Code     0  startup_stm32f10x_hd.o(.text)
    SPI2_IRQHandler                          0x0800015f   Thumb Code     0  startup_stm32f10x_hd.o(.text)
    SPI3_IRQHandler                          0x0800015f   Thumb Code     0  startup_stm32f10x_hd.o(.text)
    TAMPER_IRQHandler                        0x0800015f   Thumb Code     0  startup_stm32f10x_hd.o(.text)
    TIM1_BRK_IRQHandler                      0x0800015f   Thumb Code     0  startup_stm32f10x_hd.o(.text)
    TIM1_CC_IRQHandler                       0x0800015f   Thumb Code     0  startup_stm32f10x_hd.o(.text)
    TIM1_TRG_COM_IRQHandler                  0x0800015f   Thumb Code     0  startup_stm32f10x_hd.o(.text)
    TIM1_UP_IRQHandler                       0x0800015f   Thumb Code     0  startup_stm32f10x_hd.o(.text)
    TIM2_IRQHandler                          0x0800015f   Thumb Code     0  startup_stm32f10x_hd.o(.text)
    TIM3_IRQHandler                          0x0800015f   Thumb Code     0  startup_stm32f10x_hd.o(.text)
    TIM4_IRQHandler                          0x0800015f   Thumb Code     0  startup_stm32f10x_hd.o(.text)
    TIM5_IRQHandler                          0x0800015f   Thumb Code     0  startup_stm32f10x_hd.o(.text)
    TIM6_IRQHandler                          0x0800015f   Thumb Code     0  startup_stm32f10x_hd.o(.text)
    TIM7_IRQHandler                          0x0800015f   Thumb Code     0  startup_stm32f10x_hd.o(.text)
    TIM8_BRK_IRQHandler                      0x0800015f   Thumb Code     0  startup_stm32f10x_hd.o(.text)
    TIM8_CC_IRQHandler                       0x0800015f   Thumb Code     0  startup_stm32f10x_hd.o(.text)
    TIM8_TRG_COM_IRQHandler                  0x0800015f   Thumb Code     0  startup_stm32f10x_hd.o(.text)
    TIM8_UP_IRQHandler                       0x0800015f   Thumb Code     0  startup_stm32f10x_hd.o(.text)
    UART4_IRQHandler                         0x0800015f   Thumb Code     0  startup_stm32f10x_hd.o(.text)
    UART5_IRQHandler                         0x0800015f   Thumb Code     0  startup_stm32f10x_hd.o(.text)
    USART1_IRQHandler                        0x0800015f   Thumb Code     0  startup_stm32f10x_hd.o(.text)
    USART2_IRQHandler                        0x0800015f   Thumb Code     0  startup_stm32f10x_hd.o(.text)
    USBWakeUp_IRQHandler                     0x0800015f   Thumb Code     0  startup_stm32f10x_hd.o(.text)
    USB_HP_CAN1_TX_IRQHandler                0x0800015f   Thumb Code     0  startup_stm32f10x_hd.o(.text)
    USB_LP_CAN1_RX0_IRQHandler               0x0800015f   Thumb Code     0  startup_stm32f10x_hd.o(.text)
    WWDG_IRQHandler                          0x0800015f   Thumb Code     0  startup_stm32f10x_hd.o(.text)
    __aeabi_fadd                             0x08000169   Thumb Code   164  fadd.o(.text)
    __aeabi_fsub                             0x0800020d   Thumb Code     6  fadd.o(.text)
    __aeabi_frsub                            0x08000213   Thumb Code     6  fadd.o(.text)
    __aeabi_fmul                             0x08000219   Thumb Code   100  fmul.o(.text)
    __aeabi_fdiv                             0x0800027d   Thumb Code   124  fdiv.o(.text)
    __aeabi_dmul                             0x080002f9   Thumb Code   228  dmul.o(.text)
    __aeabi_i2f                              0x080003dd   Thumb Code    18  fflti.o(.text)
    __aeabi_ui2f                             0x080003ef   Thumb Code    10  ffltui.o(.text)
    __aeabi_f2iz                             0x080003f9   Thumb Code    50  ffixi.o(.text)
    __aeabi_f2uiz                            0x0800042b   Thumb Code    40  ffixui.o(.text)
    __aeabi_f2d                              0x08000453   Thumb Code    38  f2d.o(.text)
    __aeabi_cfcmpeq                          0x08000479   Thumb Code     0  cfcmple.o(.text)
    __aeabi_cfcmple                          0x08000479   Thumb Code    20  cfcmple.o(.text)
    __aeabi_cfrcmple                         0x0800048d   Thumb Code    20  cfrcmple.o(.text)
    __aeabi_uidiv                            0x080004a1   Thumb Code     0  uidiv.o(.text)
    __aeabi_uidivmod                         0x080004a1   Thumb Code    44  uidiv.o(.text)
    __aeabi_uldivmod                         0x080004cd   Thumb Code    98  uldiv.o(.text)
    __I$use$fp                               0x0800052f   Thumb Code     0  iusefp.o(.text)
    _float_round                             0x0800052f   Thumb Code    18  fepilogue.o(.text)
    _float_epilogue                          0x08000541   Thumb Code    92  fepilogue.o(.text)
    _double_round                            0x0800059d   Thumb Code    26  depilogue.o(.text)
    _double_epilogue                         0x080005b7   Thumb Code   156  depilogue.o(.text)
    __aeabi_dadd                             0x08000653   Thumb Code   322  dadd.o(.text)
    __aeabi_dsub                             0x08000795   Thumb Code     6  dadd.o(.text)
    __aeabi_drsub                            0x0800079b   Thumb Code     6  dadd.o(.text)
    __aeabi_ddiv                             0x080007a1   Thumb Code   222  ddiv.o(.text)
    __aeabi_d2ulz                            0x0800087f   Thumb Code    48  dfixul.o(.text)
    __aeabi_cdrcmple                         0x080008b1   Thumb Code    38  cdrcmple.o(.text)
    __scatterload                            0x080008d9   Thumb Code    28  init.o(.text)
    __scatterload_rt2                        0x080008d9   Thumb Code     0  init.o(.text)
    __aeabi_llsl                             0x080008fd   Thumb Code    30  llshl.o(.text)
    _ll_shift_l                              0x080008fd   Thumb Code     0  llshl.o(.text)
    __aeabi_llsr                             0x0800091b   Thumb Code    32  llushr.o(.text)
    _ll_ushift_r                             0x0800091b   Thumb Code     0  llushr.o(.text)
    __aeabi_lasr                             0x0800093b   Thumb Code    36  llsshr.o(.text)
    _ll_sshift_r                             0x0800093b   Thumb Code     0  llsshr.o(.text)
    __decompress                             0x0800095f   Thumb Code     0  __dclz77c.o(.text)
    __decompress2                            0x0800095f   Thumb Code    94  __dclz77c.o(.text)
    BusFault_Handler                         0x080009bd   Thumb Code     4  stm32f10x_it.o(i.BusFault_Handler)
    DebugMon_Handler                         0x080009c1   Thumb Code     2  stm32f10x_it.o(i.DebugMon_Handler)
    Delay_Ms                                 0x080009c3   Thumb Code    24  drv_systick.o(i.Delay_Ms)
    Delay_Us                                 0x080009dd   Thumb Code   104  drv_systick.o(i.Delay_Us)
    Draw_if_required                         0x08000a49   Thumb Code   336  main.o(i.Draw_if_required)
    EXTI9_5_IRQHandler                       0x08000bc5   Thumb Code   236  stm32f10x_it.o(i.EXTI9_5_IRQHandler)
    EXTI_ClearFlag                           0x08000cb5   Thumb Code    28  stm32f10x_exti.o(i.EXTI_ClearFlag)
    EXTI_ClearITPendingBit                   0x08000cf1   Thumb Code    28  stm32f10x_exti.o(i.EXTI_ClearITPendingBit)
    EXTI_GetITStatus                         0x08000d2d   Thumb Code   152  stm32f10x_exti.o(i.EXTI_GetITStatus)
    EXTI_Init                                0x08000de5   Thumb Code   236  stm32f10x_exti.o(i.EXTI_Init)
    FSMC_NORSRAMCmd                          0x08000ef1   Thumb Code    96  stm32f10x_fsmc.o(i.FSMC_NORSRAMCmd)
    FSMC_NORSRAMInit                         0x08000f71   Thumb Code   832  stm32f10x_fsmc.o(i.FSMC_NORSRAMInit)
    GPIO_EXTILineConfig                      0x080012cd   Thumb Code   176  stm32f10x_gpio.o(i.GPIO_EXTILineConfig)
    GPIO_Init                                0x0800139d   Thumb Code   378  stm32f10x_gpio.o(i.GPIO_Init)
    GPIO_Init_337                            0x08001551   Thumb Code   330  main.o(i.GPIO_Init_337)
    GPIO_PinRemapConfig                      0x080016a9   Thumb Code   454  stm32f10x_gpio.o(i.GPIO_PinRemapConfig)
    GPIO_ReadInputDataBit                    0x080018dd   Thumb Code   170  stm32f10x_gpio.o(i.GPIO_ReadInputDataBit)
    GPIO_Togg_Bits                           0x080019c1   Thumb Code   106  stm32f10x_gpio.o(i.GPIO_Togg_Bits)
    HardFault_Handler                        0x08001a69   Thumb Code     4  stm32f10x_it.o(i.HardFault_Handler)
    LCD_Clear                                0x08001a6d   Thumb Code    46  drv_lcd.o(i.LCD_Clear)
    LCD_Clear_Draw                           0x08001aa1   Thumb Code    46  drv_lcd.o(i.LCD_Clear_Draw)
    LCD_DrawBitmap                           0x08001ad5   Thumb Code   170  drv_lcd.o(i.LCD_DrawBitmap)
    LCD_DrawPoint                            0x08001b9d   Thumb Code    48  drv_lcd.o(i.LCD_DrawPoint)
    LCD_Init                                 0x08001bed   Thumb Code   700  drv_lcd.o(i.LCD_Init)
    LCD_SetStart                             0x08001eb5   Thumb Code    36  drv_lcd.o(i.LCD_SetStart)
    LCD_ShowChar                             0x08001ef9   Thumb Code   114  drv_lcd.o(i.LCD_ShowChar)
    LCD_Window                               0x08001f91   Thumb Code    70  drv_lcd.o(i.LCD_Window)
    LCD_printf                               0x08001fed   Thumb Code   178  drv_lcd.o(i.LCD_printf)
    MemManage_Handler                        0x080020a9   Thumb Code     4  stm32f10x_it.o(i.MemManage_Handler)
    NMI_Handler                              0x080020ad   Thumb Code     2  stm32f10x_it.o(i.NMI_Handler)
    NVIC_Init                                0x080020b1   Thumb Code   158  misc.o(i.NVIC_Init)
    NVIC_PriorityGroupConfig                 0x08002171   Thumb Code    54  misc.o(i.NVIC_PriorityGroupConfig)
    PendSV_Handler                           0x080021c5   Thumb Code     2  stm32f10x_it.o(i.PendSV_Handler)
    RCC_AHBPeriphClockCmd                    0x080021c9   Thumb Code    74  stm32f10x_rcc.o(i.RCC_AHBPeriphClockCmd)
    RCC_APB1PeriphClockCmd                   0x08002235   Thumb Code    70  stm32f10x_rcc.o(i.RCC_APB1PeriphClockCmd)
    RCC_APB2PeriphClockCmd                   0x080022a1   Thumb Code    70  stm32f10x_rcc.o(i.RCC_APB2PeriphClockCmd)
    RCC_Configuration                        0x0800230d   Thumb Code    30  main.o(i.RCC_Configuration)
    RCC_GetClocksFreq                        0x0800232d   Thumb Code   192  stm32f10x_rcc.o(i.RCC_GetClocksFreq)
    RCC_PCLK1Config                          0x08002401   Thumb Code    58  stm32f10x_rcc.o(i.RCC_PCLK1Config)
    SVC_Handler                              0x0800245d   Thumb Code     2  stm32f10x_it.o(i.SVC_Handler)
    SysTick_CLKSourceConfig                  0x08002549   Thumb Code    62  misc.o(i.SysTick_CLKSourceConfig)
    SysTick_Handler                          0x0800259d   Thumb Code    12  stm32f10x_it.o(i.SysTick_Handler)
    SysTick_Init                             0x080025ad   Thumb Code   102  drv_systick.o(i.SysTick_Init)
    SystemInit                               0x0800261d   Thumb Code    78  system_stm32f10x.o(i.SystemInit)
    TIM_ARRPreloadConfig                     0x0800267d   Thumb Code   162  stm32f10x_tim.o(i.TIM_ARRPreloadConfig)
    TIM_Cmd                                  0x0800277d   Thumb Code   162  stm32f10x_tim.o(i.TIM_Cmd)
    TIM_OC1Init                              0x0800287d   Thumb Code   436  stm32f10x_tim.o(i.TIM_OC1Init)
    TIM_OC1PreloadConfig                     0x08002a85   Thumb Code   142  stm32f10x_tim.o(i.TIM_OC1PreloadConfig)
    TIM_OC2Init                              0x08002b69   Thumb Code   422  stm32f10x_tim.o(i.TIM_OC2Init)
    TIM_OC2PreloadConfig                     0x08002d4d   Thumb Code   114  stm32f10x_tim.o(i.TIM_OC2PreloadConfig)
    TIM_TimeBaseInit                         0x08002dfd   Thumb Code   308  stm32f10x_tim.o(i.TIM_TimeBaseInit)
    Temp_down_control                        0x08002f8d   Thumb Code   240  control.o(i.Temp_down_control)
    Tim_Pwm_change_duty                      0x080030a5   Thumb Code   114  main.o(i.Tim_Pwm_change_duty)
    USART1_Init                              0x0800312d   Thumb Code   118  drv_usart1.o(i.USART1_Init)
    USART3_IRQHandler                        0x080031ad   Thumb Code   284  stm32f10x_it.o(i.USART3_IRQHandler)
    USART3_IT_Init                           0x080032e9   Thumb Code   170  drv_usart1.o(i.USART3_IT_Init)
    USART_Cmd                                0x080033a1   Thumb Code    90  stm32f10x_usart.o(i.USART_Cmd)
    USART_GetFlagStatus                      0x08003431   Thumb Code   158  stm32f10x_usart.o(i.USART_GetFlagStatus)
    USART_ITConfig                           0x08003505   Thumb Code   248  stm32f10x_usart.o(i.USART_ITConfig)
    USART_Init                               0x08003631   Thumb Code   450  stm32f10x_usart.o(i.USART_Init)
    USART_ReceiveData                        0x0800382d   Thumb Code    54  stm32f10x_usart.o(i.USART_ReceiveData)
    USART_SendData                           0x08003899   Thumb Code    74  stm32f10x_usart.o(i.USART_SendData)
    UsageFault_Handler                       0x08003919   Thumb Code     4  stm32f10x_it.o(i.UsageFault_Handler)
    __0printf                                0x0800391d   Thumb Code    22  printfa.o(i.__0printf)
    __1printf                                0x0800391d   Thumb Code     0  printfa.o(i.__0printf)
    __2printf                                0x0800391d   Thumb Code     0  printfa.o(i.__0printf)
    __c89printf                              0x0800391d   Thumb Code     0  printfa.o(i.__0printf)
    printf                                   0x0800391d   Thumb Code     0  printfa.o(i.__0printf)
    __0vsnprintf                             0x0800393d   Thumb Code    32  printfa.o(i.__0vsnprintf)
    __1vsnprintf                             0x0800393d   Thumb Code     0  printfa.o(i.__0vsnprintf)
    __2vsnprintf                             0x0800393d   Thumb Code     0  printfa.o(i.__0vsnprintf)
    __c89vsnprintf                           0x0800393d   Thumb Code     0  printfa.o(i.__0vsnprintf)
    vsnprintf                                0x0800393d   Thumb Code     0  printfa.o(i.__0vsnprintf)
    __scatterload_copy                       0x08003961   Thumb Code    14  handlers.o(i.__scatterload_copy)
    __scatterload_null                       0x0800396f   Thumb Code     2  handlers.o(i.__scatterload_null)
    __scatterload_zeroinit                   0x08003971   Thumb Code    14  handlers.o(i.__scatterload_zeroinit)
    assert_failed                            0x08004229   Thumb Code    26  main.o(i.assert_failed)
    crc16                                    0x0800426d   Thumb Code    48  k.o(i.crc16)
    drawAxis                                 0x080042a5   Thumb Code   146  k.o(i.drawAxis)
    drawTemp                                 0x08004341   Thumb Code    60  k.o(i.drawTemp)
    drawWelPic                               0x08004385   Thumb Code    62  k.o(i.drawWelPic)
    fputc                                    0x080043cd   Thumb Code    32  drv_usart1.o(i.fputc)
    freadc                                   0x080043f1   Thumb Code    24  drv_usart1.o(i.freadc)
    freadc_3                                 0x0800440d   Thumb Code    24  drv_usart1.o(i.freadc_3)
    fwritec                                  0x08004429   Thumb Code    30  drv_usart1.o(i.fwritec)
    fwritec_3                                0x0800444d   Thumb Code    30  drv_usart1.o(i.fwritec_3)
    get_temp                                 0x08004471   Thumb Code   166  k.o(i.get_temp)
    main                                     0x0800453d   Thumb Code   248  main.o(i.main)
    send_command                             0x08004691   Thumb Code    22  k.o(i.send_command)
    temp_EXTI9_5_IRQHandler                  0x080046ad   Thumb Code  3654  control.o(i.temp_EXTI9_5_IRQHandler)
    auchCRCHi                                0x08005508   Data         256  k.o(.constdata)
    auchCRCLo                                0x08005608   Data         256  k.o(.constdata)
    ascii_8X16                               0x08005708   Data        1520  drv_lcd.o(.constdata)
    tongji_logo                              0x08005cf8   Data        3872  drv_lcd.o(.constdata)
    Region$$Table$$Base                      0x08006c18   Number         0  anon$$obj.o(Region$$Table)
    Region$$Table$$Limit                     0x08006c38   Number         0  anon$$obj.o(Region$$Table)
    CCR1_Val                                 0x20000000   Data           2  main.o(.data)
    CCR2_Val                                 0x20000002   Data           2  main.o(.data)
    CCR3_Val                                 0x20000004   Data           2  main.o(.data)
    CCR4_Val                                 0x20000006   Data           2  main.o(.data)
    HSEStartUpStatus                         0x20000008   Data           1  main.o(.data)
    temp_DS18B20                             0x20000009   Data           1  main.o(.data)
    Temp_O                                   0x2000000c   Data           4  main.o(.data)
    Temp_dire                                0x20000010   Data           1  main.o(.data)
    Temp_dire_last                           0x20000011   Data           1  main.o(.data)
    flag_draw                                0x20000012   Data           1  main.o(.data)
    clear_flag                               0x20000013   Data           1  main.o(.data)
    draw_clearself                           0x20000014   Data           1  main.o(.data)
    flag_Draw_Env                            0x20000015   Data           1  main.o(.data)
    ii                                       0x20000016   Data           1  main.o(.data)
    draw_x                                   0x20000017   Data           1  main.o(.data)
    window                                   0x20000018   Data           1  main.o(.data)
    high_light_line                          0x20000019   Data           1  main.o(.data)
    Set_temp_from_usart                      0x2000001a   Data           1  stm32f10x_it.o(.data)
    error_sum                                0x2000001c   Data           4  control.o(.data)
    temp_down_Kp                             0x20000020   Data           1  control.o(.data)
    temp_down_Ki                             0x20000021   Data           1  control.o(.data)
    temp_down_Kd                             0x20000022   Data           1  control.o(.data)
    command                                  0x2000002c   Data           8  k.o(.data)
    meizi                                    0x20000034   Data       39200  k.o(.data)
    systick                                  0x20009954   Data           4  drv_systick.o(.data)
    point_color                              0x20009958   Data           2  drv_lcd.o(.data)
    px                                       0x2000995a   Data           1  drv_lcd.o(.data)
    py                                       0x2000995b   Data           1  drv_lcd.o(.data)
    __stdout                                 0x20009978   Data           4  stdout.o(.data)
    TIM_TimeBaseStructure                    0x2000997c   Data          10  main.o(.bss)
    TIM_OCInitStructure                      0x20009986   Data          16  main.o(.bss)
    Line_Val                                 0x20009996   Data          10  main.o(.bss)
    __initial_sp                             0x20009da0   Data           0  startup_stm32f10x_hd.o(STACK)



==============================================================================

Memory Map of the image

  Image Entry point : 0x08000131

  Load Region LR_IROM1 (Base: 0x08000000, Size: 0x000105b4, Max: 0x00040000, ABSOLUTE, COMPRESSED[0x0000f2ec])

    Execution Region ER_IROM1 (Base: 0x08000000, Size: 0x00006c38, Max: 0x00040000, ABSOLUTE)

    Base Addr    Size         Type   Attr      Idx    E Section Name        Object

    0x08000000   0x00000130   Data   RO          742    RESET               startup_stm32f10x_hd.o
    0x08000130   0x00000000   Code   RO         3725  * .ARM.Collect$$$$00000000  mc_w.l(entry.o)
    0x08000130   0x00000004   Code   RO         4015    .ARM.Collect$$$$00000001  mc_w.l(entry2.o)
    0x08000134   0x00000004   Code   RO         4018    .ARM.Collect$$$$00000004  mc_w.l(entry5.o)
    0x08000138   0x00000000   Code   RO         4020    .ARM.Collect$$$$00000008  mc_w.l(entry7b.o)
    0x08000138   0x00000000   Code   RO         4022    .ARM.Collect$$$$0000000A  mc_w.l(entry8b.o)
    0x08000138   0x00000008   Code   RO         4023    .ARM.Collect$$$$0000000B  mc_w.l(entry9a.o)
    0x08000140   0x00000000   Code   RO         4025    .ARM.Collect$$$$0000000D  mc_w.l(entry10a.o)
    0x08000140   0x00000000   Code   RO         4027    .ARM.Collect$$$$0000000F  mc_w.l(entry11a.o)
    0x08000140   0x00000004   Code   RO         4016    .ARM.Collect$$$$00002712  mc_w.l(entry2.o)
    0x08000144   0x00000024   Code   RO          743    .text               startup_stm32f10x_hd.o
    0x08000168   0x000000b0   Code   RO         3989    .text               mf_w.l(fadd.o)
    0x08000218   0x00000064   Code   RO         3991    .text               mf_w.l(fmul.o)
    0x0800027c   0x0000007c   Code   RO         3993    .text               mf_w.l(fdiv.o)
    0x080002f8   0x000000e4   Code   RO         3995    .text               mf_w.l(dmul.o)
    0x080003dc   0x00000012   Code   RO         3997    .text               mf_w.l(fflti.o)
    0x080003ee   0x0000000a   Code   RO         3999    .text               mf_w.l(ffltui.o)
    0x080003f8   0x00000032   Code   RO         4003    .text               mf_w.l(ffixi.o)
    0x0800042a   0x00000028   Code   RO         4005    .text               mf_w.l(ffixui.o)
    0x08000452   0x00000026   Code   RO         4007    .text               mf_w.l(f2d.o)
    0x08000478   0x00000014   Code   RO         4011    .text               mf_w.l(cfcmple.o)
    0x0800048c   0x00000014   Code   RO         4013    .text               mf_w.l(cfrcmple.o)
    0x080004a0   0x0000002c   Code   RO         4030    .text               mc_w.l(uidiv.o)
    0x080004cc   0x00000062   Code   RO         4032    .text               mc_w.l(uldiv.o)
    0x0800052e   0x00000000   Code   RO         4034    .text               mc_w.l(iusefp.o)
    0x0800052e   0x0000006e   Code   RO         4035    .text               mf_w.l(fepilogue.o)
    0x0800059c   0x000000b6   Code   RO         4037    .text               mf_w.l(depilogue.o)
    0x08000652   0x0000014e   Code   RO         4039    .text               mf_w.l(dadd.o)
    0x080007a0   0x000000de   Code   RO         4041    .text               mf_w.l(ddiv.o)
    0x0800087e   0x00000030   Code   RO         4043    .text               mf_w.l(dfixul.o)
    0x080008ae   0x00000002   PAD
    0x080008b0   0x00000028   Code   RO         4045    .text               mf_w.l(cdrcmple.o)
    0x080008d8   0x00000024   Code   RO         4047    .text               mc_w.l(init.o)
    0x080008fc   0x0000001e   Code   RO         4049    .text               mc_w.l(llshl.o)
    0x0800091a   0x00000020   Code   RO         4051    .text               mc_w.l(llushr.o)
    0x0800093a   0x00000024   Code   RO         4053    .text               mc_w.l(llsshr.o)
    0x0800095e   0x0000005e   Code   RO         4063    .text               mc_w.l(__dclz77c.o)
    0x080009bc   0x00000004   Code   RO          190    i.BusFault_Handler  stm32f10x_it.o
    0x080009c0   0x00000002   Code   RO          191    i.DebugMon_Handler  stm32f10x_it.o
    0x080009c2   0x00000018   Code   RO          432    i.Delay_Ms          drv_systick.o
    0x080009da   0x00000002   PAD
    0x080009dc   0x0000006c   Code   RO          433    i.Delay_Us          drv_systick.o
    0x08000a48   0x0000017c   Code   RO            1    i.Draw_if_required  main.o
    0x08000bc4   0x000000f0   Code   RO          192    i.EXTI9_5_IRQHandler  stm32f10x_it.o
    0x08000cb4   0x0000003c   Code   RO         1548    i.EXTI_ClearFlag    stm32f10x_exti.o
    0x08000cf0   0x0000003c   Code   RO         1549    i.EXTI_ClearITPendingBit  stm32f10x_exti.o
    0x08000d2c   0x000000b8   Code   RO         1553    i.EXTI_GetITStatus  stm32f10x_exti.o
    0x08000de4   0x0000010c   Code   RO         1554    i.EXTI_Init         stm32f10x_exti.o
    0x08000ef0   0x00000080   Code   RO         1787    i.FSMC_NORSRAMCmd   stm32f10x_fsmc.o
    0x08000f70   0x0000035c   Code   RO         1789    i.FSMC_NORSRAMInit  stm32f10x_fsmc.o
    0x080012cc   0x000000d0   Code   RO         1899    i.GPIO_EXTILineConfig  stm32f10x_gpio.o
    0x0800139c   0x000001b4   Code   RO         1902    i.GPIO_Init         stm32f10x_gpio.o
    0x08001550   0x00000158   Code   RO            2    i.GPIO_Init_337     main.o
    0x080016a8   0x00000234   Code   RO         1904    i.GPIO_PinRemapConfig  stm32f10x_gpio.o
    0x080018dc   0x000000e4   Code   RO         1906    i.GPIO_ReadInputDataBit  stm32f10x_gpio.o
    0x080019c0   0x000000a8   Code   RO         1912    i.GPIO_Togg_Bits    stm32f10x_gpio.o
    0x08001a68   0x00000004   Code   RO          193    i.HardFault_Handler  stm32f10x_it.o
    0x08001a6c   0x00000034   Code   RO          537    i.LCD_Clear         drv_lcd.o
    0x08001aa0   0x00000034   Code   RO          538    i.LCD_Clear_Draw    drv_lcd.o
    0x08001ad4   0x000000c8   Code   RO          539    i.LCD_DrawBitmap    drv_lcd.o
    0x08001b9c   0x00000050   Code   RO          540    i.LCD_DrawPoint     drv_lcd.o
    0x08001bec   0x000002c8   Code   RO          541    i.LCD_Init          drv_lcd.o
    0x08001eb4   0x00000044   Code   RO          542    i.LCD_SetStart      drv_lcd.o
    0x08001ef8   0x00000098   Code   RO          543    i.LCD_ShowChar      drv_lcd.o
    0x08001f90   0x0000004c   Code   RO          544    i.LCD_Window        drv_lcd.o
    0x08001fdc   0x00000010   Code   RO          545    i.LCD_WriteReg      drv_lcd.o
    0x08001fec   0x000000bc   Code   RO          546    i.LCD_printf        drv_lcd.o
    0x080020a8   0x00000004   Code   RO          194    i.MemManage_Handler  stm32f10x_it.o
    0x080020ac   0x00000002   Code   RO          195    i.NMI_Handler       stm32f10x_it.o
    0x080020ae   0x00000002   PAD
    0x080020b0   0x000000c0   Code   RO          747    i.NVIC_Init         misc.o
    0x08002170   0x00000054   Code   RO          748    i.NVIC_PriorityGroupConfig  misc.o
    0x080021c4   0x00000002   Code   RO          196    i.PendSV_Handler    stm32f10x_it.o
    0x080021c6   0x00000002   PAD
    0x080021c8   0x0000006c   Code   RO         2324    i.RCC_AHBPeriphClockCmd  stm32f10x_rcc.o
    0x08002234   0x0000006c   Code   RO         2325    i.RCC_APB1PeriphClockCmd  stm32f10x_rcc.o
    0x080022a0   0x0000006c   Code   RO         2327    i.RCC_APB2PeriphClockCmd  stm32f10x_rcc.o
    0x0800230c   0x0000001e   Code   RO            3    i.RCC_Configuration  main.o
    0x0800232a   0x00000002   PAD
    0x0800232c   0x000000d4   Code   RO         2335    i.RCC_GetClocksFreq  stm32f10x_rcc.o
    0x08002400   0x0000005c   Code   RO         2346    i.RCC_PCLK1Config   stm32f10x_rcc.o
    0x0800245c   0x00000002   Code   RO          197    i.SVC_Handler       stm32f10x_it.o
    0x0800245e   0x00000008   Code   RO          627    i.SetSysClock       system_stm32f10x.o
    0x08002466   0x00000002   PAD
    0x08002468   0x000000e0   Code   RO          628    i.SetSysClockTo72   system_stm32f10x.o
    0x08002548   0x00000054   Code   RO          751    i.SysTick_CLKSourceConfig  misc.o
    0x0800259c   0x00000010   Code   RO          198    i.SysTick_Handler   stm32f10x_it.o
    0x080025ac   0x00000070   Code   RO          434    i.SysTick_Init      drv_systick.o
    0x0800261c   0x00000060   Code   RO          630    i.SystemInit        system_stm32f10x.o
    0x0800267c   0x00000100   Code   RO         2947    i.TIM_ARRPreloadConfig  stm32f10x_tim.o
    0x0800277c   0x00000100   Code   RO         2959    i.TIM_Cmd           stm32f10x_tim.o
    0x0800287c   0x00000208   Code   RO         2988    i.TIM_OC1Init       stm32f10x_tim.o
    0x08002a84   0x000000e4   Code   RO         2991    i.TIM_OC1PreloadConfig  stm32f10x_tim.o
    0x08002b68   0x000001e4   Code   RO         2993    i.TIM_OC2Init       stm32f10x_tim.o
    0x08002d4c   0x000000b0   Code   RO         2996    i.TIM_OC2PreloadConfig  stm32f10x_tim.o
    0x08002dfc   0x00000190   Code   RO         3030    i.TIM_TimeBaseInit  stm32f10x_tim.o
    0x08002f8c   0x00000118   Code   RO          358    i.Temp_down_control  control.o
    0x080030a4   0x00000088   Code   RO            5    i.Tim_Pwm_change_duty  main.o
    0x0800312c   0x00000080   Code   RO          477    i.USART1_Init       drv_usart1.o
    0x080031ac   0x0000013c   Code   RO          199    i.USART3_IRQHandler  stm32f10x_it.o
    0x080032e8   0x000000b8   Code   RO          478    i.USART3_IT_Init    drv_usart1.o
    0x080033a0   0x00000090   Code   RO         3495    i.USART_Cmd         stm32f10x_usart.o
    0x08003430   0x000000d4   Code   RO         3498    i.USART_GetFlagStatus  stm32f10x_usart.o
    0x08003504   0x0000012c   Code   RO         3501    i.USART_ITConfig    stm32f10x_usart.o
    0x08003630   0x000001fc   Code   RO         3502    i.USART_Init        stm32f10x_usart.o
    0x0800382c   0x0000006c   Code   RO         3509    i.USART_ReceiveData  stm32f10x_usart.o
    0x08003898   0x00000080   Code   RO         3512    i.USART_SendData    stm32f10x_usart.o
    0x08003918   0x00000004   Code   RO          200    i.UsageFault_Handler  stm32f10x_it.o
    0x0800391c   0x00000020   Code   RO         3961    i.__0printf         mc_w.l(printfa.o)
    0x0800393c   0x00000024   Code   RO         3966    i.__0vsnprintf      mc_w.l(printfa.o)
    0x08003960   0x0000000e   Code   RO         4057    i.__scatterload_copy  mc_w.l(handlers.o)
    0x0800396e   0x00000002   Code   RO         4058    i.__scatterload_null  mc_w.l(handlers.o)
    0x08003970   0x0000000e   Code   RO         4059    i.__scatterload_zeroinit  mc_w.l(handlers.o)
    0x0800397e   0x00000002   PAD
    0x08003980   0x00000164   Code   RO         3968    i._fp_digits        mc_w.l(printfa.o)
    0x08003ae4   0x000006dc   Code   RO         3969    i._printf_core      mc_w.l(printfa.o)
    0x080041c0   0x00000024   Code   RO         3970    i._printf_post_padding  mc_w.l(printfa.o)
    0x080041e4   0x0000002e   Code   RO         3971    i._printf_pre_padding  mc_w.l(printfa.o)
    0x08004212   0x00000016   Code   RO         3972    i._snputc           mc_w.l(printfa.o)
    0x08004228   0x00000044   Code   RO            7    i.assert_failed     main.o
    0x0800426c   0x00000038   Code   RO          383    i.crc16             k.o
    0x080042a4   0x0000009c   Code   RO          384    i.drawAxis          k.o
    0x08004340   0x00000044   Code   RO          385    i.drawTemp          k.o
    0x08004384   0x00000048   Code   RO          386    i.drawWelPic        k.o
    0x080043cc   0x00000024   Code   RO          481    i.fputc             drv_usart1.o
    0x080043f0   0x0000001c   Code   RO          482    i.freadc            drv_usart1.o
    0x0800440c   0x0000001c   Code   RO          483    i.freadc_3          drv_usart1.o
    0x08004428   0x00000024   Code   RO          484    i.fwritec           drv_usart1.o
    0x0800444c   0x00000024   Code   RO          485    i.fwritec_3         drv_usart1.o
    0x08004470   0x000000cc   Code   RO          387    i.get_temp          k.o
    0x0800453c   0x00000154   Code   RO            9    i.main              main.o
    0x08004690   0x0000001c   Code   RO          388    i.send_command      k.o
    0x080046ac   0x00000e5c   Code   RO          359    i.temp_EXTI9_5_IRQHandler  control.o
    0x08005508   0x00000200   Data   RO          389    .constdata          k.o
    0x08005708   0x00001510   Data   RO          547    .constdata          drv_lcd.o
    0x08006c18   0x00000020   Data   RO         4055    Region$$Table       anon$$obj.o


    Execution Region RW_IRAM1 (Base: 0x20000000, Size: 0x00009da0, Max: 0x0000c000, ABSOLUTE, COMPRESSED[0x000086b4])

    Base Addr    Size         Type   Attr      Idx    E Section Name        Object

    0x20000000   0x0000001a   Data   RW           12    .data               main.o
    0x2000001a   0x00000001   Data   RW          201    .data               stm32f10x_it.o
    0x2000001b   0x00000001   PAD
    0x2000001c   0x00000010   Data   RW          360    .data               control.o
    0x2000002c   0x00009928   Data   RW          390    .data               k.o
    0x20009954   0x00000004   Data   RW          435    .data               drv_systick.o
    0x20009958   0x00000004   Data   RW          548    .data               drv_lcd.o
    0x2000995c   0x00000005   Data   RW         1915    .data               stm32f10x_gpio.o
    0x20009961   0x00000014   Data   RW         2355    .data               stm32f10x_rcc.o
    0x20009975   0x00000003   PAD
    0x20009978   0x00000004   Data   RW         4029    .data               mc_w.l(stdout.o)
    0x2000997c   0x00000024   Zero   RW           11    .bss                main.o
    0x200099a0   0x00000400   Zero   RW          740    STACK               startup_stm32f10x_hd.o


==============================================================================

Image component sizes


      Code (inc. data)   RO Data    RW Data    ZI Data      Debug   Object Name

      3956        198          0         16          0       4301   control.o
         0          0          0          0          0         32   core_cm3.o
      1596        178       5392          4          0       9016   drv_lcd.o
       244         14          0          4          0      17422   drv_systick.o
       476         48          0          0          0       3957   drv_usart1.o
       584         80        512      39208          0       4205   k.o
      1298        214          0         26         36     271068   main.o
       360         86          0          0          0       2101   misc.o
        36          8        304          0       1024        796   startup_stm32f10x_hd.o
       572        128          0          0          0       2777   stm32f10x_exti.o
       988         60          0          0          0       2137   stm32f10x_fsmc.o
      1604        320          0          5          0       5141   stm32f10x_gpio.o
       596         40          0          1          0       5881   stm32f10x_it.o
       628        164          0         20          0       5608   stm32f10x_rcc.o
      2320        574          0          0          0       5626   stm32f10x_tim.o
      1400        326          0          0          0       5733   stm32f10x_usart.o
       328         28          0          0          0     260253   system_stm32f10x.o

    ----------------------------------------------------------------------
     16996       2466       6240      39288       1060     606054   Object Totals
         0          0         32          0          0          0   (incl. Generated)
        10          0          0          4          0          0   (incl. Padding)

    ----------------------------------------------------------------------

      Code (inc. data)   RO Data    RW Data    ZI Data      Debug   Library Member Name

        94          0          0          0          0          0   __dclz77c.o
         0          0          0          0          0          0   entry.o
         0          0          0          0          0          0   entry10a.o
         0          0          0          0          0          0   entry11a.o
         8          4          0          0          0          0   entry2.o
         4          0          0          0          0          0   entry5.o
         0          0          0          0          0          0   entry7b.o
         0          0          0          0          0          0   entry8b.o
         8          4          0          0          0          0   entry9a.o
        30          0          0          0          0          0   handlers.o
        36          8          0          0          0         68   init.o
         0          0          0          0          0          0   iusefp.o
        30          0          0          0          0         68   llshl.o
        36          0          0          0          0         68   llsshr.o
        32          0          0          0          0         68   llushr.o
      2284         94          0          0          0        592   printfa.o
         0          0          0          4          0          0   stdout.o
        44          0          0          0          0         80   uidiv.o
        98          0          0          0          0         92   uldiv.o
        40          2          0          0          0         68   cdrcmple.o
        20          0          0          0          0         68   cfcmple.o
        20          0          0          0          0         68   cfrcmple.o
       334          0          0          0          0        148   dadd.o
       222          0          0          0          0        100   ddiv.o
       182          0          0          0          0        176   depilogue.o
        48          0          0          0          0         68   dfixul.o
       228          0          0          0          0         96   dmul.o
        38          0          0          0          0         68   f2d.o
       176          0          0          0          0        140   fadd.o
       124          0          0          0          0         88   fdiv.o
       110          0          0          0          0        168   fepilogue.o
        50          0          0          0          0         68   ffixi.o
        40          0          0          0          0         68   ffixui.o
        18          0          0          0          0         68   fflti.o
        10          0          0          0          0         68   ffltui.o
       100          0          0          0          0         76   fmul.o

    ----------------------------------------------------------------------
      4468        112          0          4          0       2640   Library Totals
         4          0          0          0          0          0   (incl. Padding)

    ----------------------------------------------------------------------

      Code (inc. data)   RO Data    RW Data    ZI Data      Debug   Library Name

      2704        110          0          4          0       1036   mc_w.l
      1760          2          0          0          0       1604   mf_w.l

    ----------------------------------------------------------------------
      4468        112          0          4          0       2640   Library Totals

    ----------------------------------------------------------------------

==============================================================================


      Code (inc. data)   RO Data    RW Data    ZI Data      Debug   

     21464       2578       6240      39292       1060     603466   Grand Totals
     21464       2578       6240      34484       1060     603466   ELF Image Totals (compressed)
     21464       2578       6240      34484          0          0   ROM Totals

==============================================================================

    Total RO  Size (Code + RO Data)                27704 (  27.05kB)
    Total RW  Size (RW Data + ZI Data)             40352 (  39.41kB)
    Total ROM Size (Code + RO Data + RW Data)      62188 (  60.73kB)

==============================================================================

