<html>
<body>
<pre>
<h1>礦ision Build Log</h1>
<h2>Project:</h2>
C:\Users\15221\Desktop\水冷_337(最终版本)\ControlSystem2\USER\ControlSystem.uvprojx
Project File Date:  12/06/2016

<h2>Output:</h2>
Build target 'Target 1'
compiling main.c...
linking...
Program Size: Code=21464 RO-data=6240 RW-data=39292 ZI-data=1060  
FromELF: creating hex file...
".\Objects\ControlSystem.axf" - 0 Error(s), 0 Warning(s).
Load "C:\\Users\\15221\\Desktop\\水冷_337(最终版本)\\ControlSystem2\\USER\\Objects\\ControlSystem.axf" 
Set JLink Project File to "C:\Users\15221\Desktop\水冷_337(最终版本)\ControlSystem2\USER\JLinkSettings.ini"
* JLink Info: Device "STM32F103VC" selected (256 KB flash, 48 KB RAM).
 
JLink info:
------------
DLL: V4.80g, compiled Feb 13 2014 20:50:02
Firmware: J-Link V9 compiled Jan 21 2016 18:49:33
Hardware: V9.20
Feature(s) : GDB, RDI, FlashBP, FlashDL, JFlash 
 
* JLink Info: Found SWD-DP with ID 0x1BA01477
* JLink Info: Found SWD-DP with ID 0x1BA01477
* JLink Info: Found Cortex-M3 r1p1, Little endian.
* JLink Info: FPUnit: 6 code (BP) slots and 2 literal slots
* JLink Info: TPIU fitted.
* JLink Info: ETM fitted.
ROMTableAddr = 0xE00FF003
 
Target info:
------------
Device: STM32F103VC
VTarget = 3.329V
State of Pins: 
TCK: 0, TDI: 1, TDO: 0, TMS: 1, TRES: 1, TRST: 1
Hardware-Breakpoints: 6
Software-Breakpoints: 8192
Watchpoints:          4
JTAG speed: 500 kHz
 
Erase Done.
Programming Done.
Verify OK.
Application running ...
</pre>
</body>
</html>
01477
* JLink Info: Found SWD-DP with ID 0x1BA01477
* JLink Info: Found Cortex-M3 r1p1, Little endian.
* JLink Info: FPUnit: 6 code (BP) slots and 2 literal slots
* JLink Info: TPIU fitted.
* JLink Info: ETM fitted.
ROMTableAddr = 0xE00FF003
 
Target info:
------------
Device: STM32F103VC
VTarget = 3.329V
State of Pins: 
TCK: 0, TDI: 1, TDO: 0, TMS: 1, TRES: 1, TRST: 1
Hardware-Breakpoints: 6
Software-Breakpoints: 8192
Watchpoints:          4
JTAG speed: 500 kHz
 
Erase Done.
Programming Done.
Verify OK.
Application running ...
